/gpfswork/rech/six/commun/conda/hf-prod/lib/python3.8/site-packages/torch/distributed/launch.py:178: FutureWarning: The module torch.distributed.launch is deprecated
and will be removed in future. Use torchrun.
Note that --use_env is set by default in torchrun.
If your script expects `--local_rank` argument to be set, please
change it to read from `os.environ['LOCAL_RANK']` instead. See 
https://pytorch.org/docs/stable/distributed.html#launch-utility for 
further instructions

  warnings.warn(
/gpfswork/rech/six/commun/conda/hf-prod/lib/python3.8/site-packages/torch/distributed/launch.py:178: FutureWarning: The module torch.distributed.launch is deprecated
and will be removed in future. Use torchrun.
Note that --use_env is set by default in torchrun.
If your script expects `--local_rank` argument to be set, please
change it to read from `os.environ['LOCAL_RANK']` instead. See 
https://pytorch.org/docs/stable/distributed.html#launch-utility for 
further instructions

  warnings.warn(
/gpfswork/rech/six/commun/conda/hf-prod/lib/python3.8/site-packages/torch/distributed/launch.py:178: FutureWarning: The module torch.distributed.launch is deprecated
and will be removed in future. Use torchrun.
Note that --use_env is set by default in torchrun.
If your script expects `--local_rank` argument to be set, please
change it to read from `os.environ['LOCAL_RANK']` instead. See 
https://pytorch.org/docs/stable/distributed.html#launch-utility for 
further instructions

  warnings.warn(
/gpfswork/rech/six/commun/conda/hf-prod/lib/python3.8/site-packages/torch/distributed/launch.py:178: FutureWarning: The module torch.distributed.launch is deprecated
and will be removed in future. Use torchrun.
Note that --use_env is set by default in torchrun.
If your script expects `--local_rank` argument to be set, please
change it to read from `os.environ['LOCAL_RANK']` instead. See 
https://pytorch.org/docs/stable/distributed.html#launch-utility for 
further instructions

  warnings.warn(
WARNING:torch.distributed.run:
*****************************************
Setting OMP_NUM_THREADS environment variable for each process to be 1 in default, to avoid your system being overloaded, please further tune the variable for optimal performance in your application as needed. 
*****************************************
WARNING:torch.distributed.run:
*****************************************
Setting OMP_NUM_THREADS environment variable for each process to be 1 in default, to avoid your system being overloaded, please further tune the variable for optimal performance in your application as needed. 
*****************************************
WARNING:torch.distributed.run:
*****************************************
Setting OMP_NUM_THREADS environment variable for each process to be 1 in default, to avoid your system being overloaded, please further tune the variable for optimal performance in your application as needed. 
*****************************************
WARNING:torch.distributed.run:
*****************************************
Setting OMP_NUM_THREADS environment variable for each process to be 1 in default, to avoid your system being overloaded, please further tune the variable for optimal performance in your application as needed. 
*****************************************
local_rank: 1
local_rank: 3
local_rank: 5
local_rank: 6
local_rank: 7
local_rank: 2
local_rank: 2
local_rank: 3
local_rank: 2
local_rank: 1
local_rank: 0
local_rank: 2
local_rank: 0
local_rank: 0
local_rank: 5
local_rank: 1
local_rank: 4
local_rank: 3
local_rank: 7
local_rank: 7
local_rank: 6
local_rank: 6
local_rank: 4
local_rank: 5
local_rank: 5
local_rank: 1
local_rank: 3
local_rank: 4
local_rank: 6
local_rank: 7
local_rank: 0
local_rank: 4
0 data size: 4.0 GB
1 data size: 4.0 GB
5 data size: 4.0 GB
20 data size: 4.0 GB
30 data size: 4.0 GB
3 data size: 4.0 GB
12 data size: 4.0 GB
21 data size: 4.0 GB
28 data size: 4.0 GB
17 data size: 4.0 GB
2 data size: 4.0 GB
25 data size: 4.0 GB
19 data size: 4.0 GB
22 data size: 4.0 GB
16 data size: 4.0 GB
15 data size: 4.0 GB
26 data size: 4.0 GB
27 data size: 4.0 GB
6 data size: 4.0 GB
24 data size: 4.0 GB
9 data size: 4.0 GB
29 data size: 4.0 GB
23 data size: 4.0 GB
31 data size: 4.0 GB
14 data size: 4.0 GB
7 data size: 4.0 GB
18 data size: 4.0 GB
8 data size: 4.0 GB
11 data size: 4.0 GB
10 data size: 4.0 GB
13 data size: 4.0 GB
4 data size: 4.0 GB
jean-zay-iam37:261379:261379 [0] NCCL INFO Bootstrap : Using ib0:10.148.8.203<0>
jean-zay-iam37:261379:261379 [0] NCCL INFO NET/Plugin : No plugin found (libnccl-net.so), using internal implementation
jean-zay-iam37:261379:261379 [0] NCCL INFO NET/IB : Using [0]hfi1_1:1/IB [1]hfi1_0:1/IB [2]hfi1_2:1/IB [3]hfi1_3:1/IB ; OOB ib0:10.148.8.203<0>
jean-zay-iam37:261379:261379 [0] NCCL INFO Using network IB
NCCL version 2.10.3+cuda11.3
jean-zay-iam37:261380:261380 [1] NCCL INFO Bootstrap : Using ib0:10.148.8.203<0>
jean-zay-iam37:261383:261383 [4] NCCL INFO Bootstrap : Using ib0:10.148.8.203<0>
jean-zay-iam37:261384:261384 [5] NCCL INFO Bootstrap : Using ib0:10.148.8.203<0>
jean-zay-iam37:261386:261386 [7] NCCL INFO Bootstrap : Using ib0:10.148.8.203<0>
jean-zay-iam37:261381:261381 [2] NCCL INFO Bootstrap : Using ib0:10.148.8.203<0>
jean-zay-iam37:261382:261382 [3] NCCL INFO Bootstrap : Using ib0:10.148.8.203<0>
jean-zay-iam41:276753:276753 [7] NCCL INFO Bootstrap : Using ib0:10.148.8.206<0>
jean-zay-iam41:276748:276748 [2] NCCL INFO Bootstrap : Using ib0:10.148.8.206<0>
jean-zay-iam41:276747:276747 [1] NCCL INFO Bootstrap : Using ib0:10.148.8.206<0>
jean-zay-iam41:276752:276752 [6] NCCL INFO Bootstrap : Using ib0:10.148.8.206<0>
jean-zay-iam41:276750:276750 [4] NCCL INFO Bootstrap : Using ib0:10.148.8.206<0>
jean-zay-iam41:276751:276751 [5] NCCL INFO Bootstrap : Using ib0:10.148.8.206<0>
jean-zay-iam41:276746:276746 [0] NCCL INFO Bootstrap : Using ib0:10.148.8.206<0>
jean-zay-iam41:276749:276749 [3] NCCL INFO Bootstrap : Using ib0:10.148.8.206<0>
jean-zay-iam37:261384:261384 [5] NCCL INFO NET/Plugin : No plugin found (libnccl-net.so), using internal implementation
jean-zay-iam52:263016:263016 [1] NCCL INFO Bootstrap : Using ib0:10.148.8.217<0>
jean-zay-iam52:263017:263017 [2] NCCL INFO Bootstrap : Using ib0:10.148.8.217<0>
jean-zay-iam52:263018:263018 [3] NCCL INFO Bootstrap : Using ib0:10.148.8.217<0>
jean-zay-iam52:263021:263021 [6] NCCL INFO Bootstrap : Using ib0:10.148.8.217<0>
jean-zay-iam52:263019:263019 [4] NCCL INFO Bootstrap : Using ib0:10.148.8.217<0>
jean-zay-iam52:263015:263015 [0] NCCL INFO Bootstrap : Using ib0:10.148.8.217<0>
jean-zay-iam52:263020:263020 [5] NCCL INFO Bootstrap : Using ib0:10.148.8.217<0>
jean-zay-iam52:263022:263022 [7] NCCL INFO Bootstrap : Using ib0:10.148.8.217<0>
jean-zay-iam37:261386:261386 [7] NCCL INFO NET/Plugin : No plugin found (libnccl-net.so), using internal implementation
jean-zay-iam37:261381:261381 [2] NCCL INFO NET/Plugin : No plugin found (libnccl-net.so), using internal implementation
jean-zay-iam37:261380:261380 [1] NCCL INFO NET/Plugin : No plugin found (libnccl-net.so), using internal implementation
jean-zay-iam37:261383:261383 [4] NCCL INFO NET/Plugin : No plugin found (libnccl-net.so), using internal implementation
jean-zay-iam40:289973:289973 [6] NCCL INFO Bootstrap : Using ib0:10.148.8.205<0>
jean-zay-iam40:289967:289967 [0] NCCL INFO Bootstrap : Using ib0:10.148.8.205<0>
jean-zay-iam40:289969:289969 [2] NCCL INFO Bootstrap : Using ib0:10.148.8.205<0>
jean-zay-iam40:289971:289971 [4] NCCL INFO Bootstrap : Using ib0:10.148.8.205<0>
jean-zay-iam40:289970:289970 [3] NCCL INFO Bootstrap : Using ib0:10.148.8.205<0>
jean-zay-iam40:289972:289972 [5] NCCL INFO Bootstrap : Using ib0:10.148.8.205<0>
jean-zay-iam40:289968:289968 [1] NCCL INFO Bootstrap : Using ib0:10.148.8.205<0>
jean-zay-iam40:289974:289974 [7] NCCL INFO Bootstrap : Using ib0:10.148.8.205<0>
jean-zay-iam37:261382:261382 [3] NCCL INFO NET/Plugin : No plugin found (libnccl-net.so), using internal implementation
jean-zay-iam41:276751:276751 [5] NCCL INFO NET/Plugin : No plugin found (libnccl-net.so), using internal implementation
jean-zay-iam41:276749:276749 [3] NCCL INFO NET/Plugin : No plugin found (libnccl-net.so), using internal implementation
jean-zay-iam41:276746:276746 [0] NCCL INFO NET/Plugin : No plugin found (libnccl-net.so), using internal implementation
jean-zay-iam41:276753:276753 [7] NCCL INFO NET/Plugin : No plugin found (libnccl-net.so), using internal implementation
jean-zay-iam41:276748:276748 [2] NCCL INFO NET/Plugin : No plugin found (libnccl-net.so), using internal implementation
jean-zay-iam41:276752:276752 [6] NCCL INFO NET/Plugin : No plugin found (libnccl-net.so), using internal implementation
jean-zay-iam41:276747:276747 [1] NCCL INFO NET/Plugin : No plugin found (libnccl-net.so), using internal implementation
jean-zay-iam41:276750:276750 [4] NCCL INFO NET/Plugin : No plugin found (libnccl-net.so), using internal implementation
jean-zay-iam52:263017:263017 [2] NCCL INFO NET/Plugin : No plugin found (libnccl-net.so), using internal implementation
jean-zay-iam52:263016:263016 [1] NCCL INFO NET/Plugin : No plugin found (libnccl-net.so), using internal implementation
jean-zay-iam40:289968:289968 [1] NCCL INFO NET/Plugin : No plugin found (libnccl-net.so), using internal implementation
jean-zay-iam40:289974:289974 [7] NCCL INFO NET/Plugin : No plugin found (libnccl-net.so), using internal implementation
jean-zay-iam52:263021:263021 [6] NCCL INFO NET/Plugin : No plugin found (libnccl-net.so), using internal implementation
jean-zay-iam52:263015:263015 [0] NCCL INFO NET/Plugin : No plugin found (libnccl-net.so), using internal implementation
jean-zay-iam52:263019:263019 [4] NCCL INFO NET/Plugin : No plugin found (libnccl-net.so), using internal implementation
jean-zay-iam52:263020:263020 [5] NCCL INFO NET/Plugin : No plugin found (libnccl-net.so), using internal implementation
jean-zay-iam40:289973:289973 [6] NCCL INFO NET/Plugin : No plugin found (libnccl-net.so), using internal implementation
jean-zay-iam52:263018:263018 [3] NCCL INFO NET/Plugin : No plugin found (libnccl-net.so), using internal implementation
jean-zay-iam52:263022:263022 [7] NCCL INFO NET/Plugin : No plugin found (libnccl-net.so), using internal implementation
jean-zay-iam40:289972:289972 [5] NCCL INFO NET/Plugin : No plugin found (libnccl-net.so), using internal implementation
jean-zay-iam40:289969:289969 [2] NCCL INFO NET/Plugin : No plugin found (libnccl-net.so), using internal implementation
jean-zay-iam40:289971:289971 [4] NCCL INFO NET/Plugin : No plugin found (libnccl-net.so), using internal implementation
jean-zay-iam40:289967:289967 [0] NCCL INFO NET/Plugin : No plugin found (libnccl-net.so), using internal implementation
jean-zay-iam40:289970:289970 [3] NCCL INFO NET/Plugin : No plugin found (libnccl-net.so), using internal implementation
jean-zay-iam37:261384:261384 [5] NCCL INFO NET/IB : Using [0]hfi1_1:1/IB [1]hfi1_0:1/IB [2]hfi1_2:1/IB [3]hfi1_3:1/IB ; OOB ib0:10.148.8.203<0>
jean-zay-iam37:261384:261384 [5] NCCL INFO Using network IB
jean-zay-iam37:261380:261380 [1] NCCL INFO NET/IB : Using [0]hfi1_1:1/IB [1]hfi1_0:1/IB [2]hfi1_2:1/IB [3]hfi1_3:1/IB ; OOB ib0:10.148.8.203<0>
jean-zay-iam37:261380:261380 [1] NCCL INFO Using network IB
jean-zay-iam37:261383:261383 [4] NCCL INFO NET/IB : Using [0]hfi1_1:1/IB [1]hfi1_0:1/IB [2]hfi1_2:1/IB [3]hfi1_3:1/IB ; OOB ib0:10.148.8.203<0>
jean-zay-iam37:261381:261381 [2] NCCL INFO NET/IB : Using [0]hfi1_1:1/IB [1]hfi1_0:1/IB [2]hfi1_2:1/IB [3]hfi1_3:1/IB ; OOB ib0:10.148.8.203<0>
jean-zay-iam37:261386:261386 [7] NCCL INFO NET/IB : Using [0]hfi1_1:1/IB [1]hfi1_0:1/IB [2]hfi1_2:1/IB [3]hfi1_3:1/IB ; OOB ib0:10.148.8.203<0>
jean-zay-iam37:261381:261381 [2] NCCL INFO Using network IB
jean-zay-iam37:261383:261383 [4] NCCL INFO Using network IB
jean-zay-iam37:261386:261386 [7] NCCL INFO Using network IB
jean-zay-iam37:261382:261382 [3] NCCL INFO NET/IB : Using [0]hfi1_1:1/IB [1]hfi1_0:1/IB [2]hfi1_2:1/IB [3]hfi1_3:1/IB ; OOB ib0:10.148.8.203<0>
jean-zay-iam37:261382:261382 [3] NCCL INFO Using network IB
jean-zay-iam41:276751:276751 [5] NCCL INFO NET/IB : Using [0]hfi1_1:1/IB [1]hfi1_0:1/IB [2]hfi1_2:1/IB [3]hfi1_3:1/IB ; OOB ib0:10.148.8.206<0>
jean-zay-iam41:276751:276751 [5] NCCL INFO Using network IB
jean-zay-iam41:276748:276748 [2] NCCL INFO NET/IB : Using [0]hfi1_1:1/IB [1]hfi1_0:1/IB [2]hfi1_2:1/IB [3]hfi1_3:1/IB ; OOB ib0:10.148.8.206<0>
jean-zay-iam41:276748:276748 [2] NCCL INFO Using network IB
jean-zay-iam41:276747:276747 [1] NCCL INFO NET/IB : Using [0]hfi1_1:1/IB [1]hfi1_0:1/IB [2]hfi1_2:1/IB [3]hfi1_3:1/IB ; OOB ib0:10.148.8.206<0>
jean-zay-iam41:276747:276747 [1] NCCL INFO Using network IB
jean-zay-iam41:276752:276752 [6] NCCL INFO NET/IB : Using [0]hfi1_1:1/IB [1]hfi1_0:1/IB [2]hfi1_2:1/IB [3]hfi1_3:1/IB ; OOB ib0:10.148.8.206<0>
jean-zay-iam41:276746:276746 [0] NCCL INFO NET/IB : Using [0]hfi1_1:1/IB [1]hfi1_0:1/IB [2]hfi1_2:1/IB [3]hfi1_3:1/IB ; OOB ib0:10.148.8.206<0>
jean-zay-iam41:276749:276749 [3] NCCL INFO NET/IB : Using [0]hfi1_1:1/IB [1]hfi1_0:1/IB [2]hfi1_2:1/IB [3]hfi1_3:1/IB ; OOB ib0:10.148.8.206<0>
jean-zay-iam41:276753:276753 [7] NCCL INFO NET/IB : Using [0]hfi1_1:1/IB [1]hfi1_0:1/IB [2]hfi1_2:1/IB [3]hfi1_3:1/IB ; OOB ib0:10.148.8.206<0>
jean-zay-iam41:276749:276749 [3] NCCL INFO Using network IB
jean-zay-iam41:276750:276750 [4] NCCL INFO NET/IB : Using [0]hfi1_1:1/IB [1]hfi1_0:1/IB [2]hfi1_2:1/IB [3]hfi1_3:1/IB ; OOB ib0:10.148.8.206<0>
jean-zay-iam41:276746:276746 [0] NCCL INFO Using network IB
jean-zay-iam41:276753:276753 [7] NCCL INFO Using network IB
jean-zay-iam41:276752:276752 [6] NCCL INFO Using network IB
jean-zay-iam41:276750:276750 [4] NCCL INFO Using network IB
jean-zay-iam52:263022:263022 [7] NCCL INFO NET/IB : Using [0]hfi1_1:1/IB [1]hfi1_0:1/IB [2]hfi1_2:1/IB [3]hfi1_3:1/IB ; OOB ib0:10.148.8.217<0>
jean-zay-iam52:263022:263022 [7] NCCL INFO Using network IB
jean-zay-iam52:263019:263019 [4] NCCL INFO NET/IB : Using [0]hfi1_1:1/IB [1]hfi1_0:1/IB [2]hfi1_2:1/IB [3]hfi1_3:1/IB ; OOB ib0:10.148.8.217<0>
jean-zay-iam52:263019:263019 [4] NCCL INFO Using network IB
jean-zay-iam52:263021:263021 [6] NCCL INFO NET/IB : Using [0]hfi1_1:1/IB [1]hfi1_0:1/IB [2]hfi1_2:1/IB [3]hfi1_3:1/IB ; OOB ib0:10.148.8.217<0>
jean-zay-iam52:263021:263021 [6] NCCL INFO Using network IB
jean-zay-iam52:263017:263017 [2] NCCL INFO NET/IB : Using [0]hfi1_1:1/IB [1]hfi1_0:1/IB [2]hfi1_2:1/IB [3]hfi1_3:1/IB ; OOB ib0:10.148.8.217<0>
jean-zay-iam52:263017:263017 [2] NCCL INFO Using network IB
jean-zay-iam52:263020:263020 [5] NCCL INFO NET/IB : Using [0]hfi1_1:1/IB [1]hfi1_0:1/IB [2]hfi1_2:1/IB [3]hfi1_3:1/IB ; OOB ib0:10.148.8.217<0>
jean-zay-iam52:263020:263020 [5] NCCL INFO Using network IB
jean-zay-iam52:263015:263015 [0] NCCL INFO NET/IB : Using [0]hfi1_1:1/IB [1]hfi1_0:1/IB [2]hfi1_2:1/IB [3]hfi1_3:1/IB ; OOB ib0:10.148.8.217<0>
jean-zay-iam52:263018:263018 [3] NCCL INFO NET/IB : Using [0]hfi1_1:1/IB [1]hfi1_0:1/IB [2]hfi1_2:1/IB [3]hfi1_3:1/IB ; OOB ib0:10.148.8.217<0>
jean-zay-iam52:263015:263015 [0] NCCL INFO Using network IB
jean-zay-iam52:263018:263018 [3] NCCL INFO Using network IB
jean-zay-iam52:263016:263016 [1] NCCL INFO NET/IB : Using [0]hfi1_1:1/IB [1]hfi1_0:1/IB [2]hfi1_2:1/IB [3]hfi1_3:1/IB ; OOB ib0:10.148.8.217<0>
jean-zay-iam52:263016:263016 [1] NCCL INFO Using network IB
jean-zay-iam40:289968:289968 [1] NCCL INFO NET/IB : Using [0]hfi1_1:1/IB [1]hfi1_0:1/IB [2]hfi1_2:1/IB [3]hfi1_3:1/IB ; OOB ib0:10.148.8.205<0>
jean-zay-iam40:289968:289968 [1] NCCL INFO Using network IB
jean-zay-iam40:289972:289972 [5] NCCL INFO NET/IB : Using [0]hfi1_1:1/IB [1]hfi1_0:1/IB [2]hfi1_2:1/IB [3]hfi1_3:1/IB ; OOB ib0:10.148.8.205<0>
jean-zay-iam40:289972:289972 [5] NCCL INFO Using network IB
jean-zay-iam40:289969:289969 [2] NCCL INFO NET/IB : Using [0]hfi1_1:1/IB [1]hfi1_0:1/IB [2]hfi1_2:1/IB [3]hfi1_3:1/IB ; OOB ib0:10.148.8.205<0>
jean-zay-iam40:289969:289969 [2] NCCL INFO Using network IB
jean-zay-iam40:289973:289973 [6] NCCL INFO NET/IB : Using [0]hfi1_1:1/IB [1]hfi1_0:1/IB [2]hfi1_2:1/IB [3]hfi1_3:1/IB ; OOB ib0:10.148.8.205<0>
jean-zay-iam40:289973:289973 [6] NCCL INFO Using network IB
jean-zay-iam40:289970:289970 [3] NCCL INFO NET/IB : Using [0]hfi1_1:1/IB [1]hfi1_0:1/IB [2]hfi1_2:1/IB [3]hfi1_3:1/IB ; OOB ib0:10.148.8.205<0>
jean-zay-iam40:289970:289970 [3] NCCL INFO Using network IB
jean-zay-iam40:289967:289967 [0] NCCL INFO NET/IB : Using [0]hfi1_1:1/IB [1]hfi1_0:1/IB [2]hfi1_2:1/IB [3]hfi1_3:1/IB ; OOB ib0:10.148.8.205<0>
jean-zay-iam40:289967:289967 [0] NCCL INFO Using network IB
jean-zay-iam40:289974:289974 [7] NCCL INFO NET/IB : Using [0]hfi1_1:1/IB [1]hfi1_0:1/IB [2]hfi1_2:1/IB [3]hfi1_3:1/IB ; OOB ib0:10.148.8.205<0>
jean-zay-iam40:289971:289971 [4] NCCL INFO NET/IB : Using [0]hfi1_1:1/IB [1]hfi1_0:1/IB [2]hfi1_2:1/IB [3]hfi1_3:1/IB ; OOB ib0:10.148.8.205<0>
jean-zay-iam40:289974:289974 [7] NCCL INFO Using network IB
jean-zay-iam40:289971:289971 [4] NCCL INFO Using network IB
jean-zay-iam37:261385:261385 [6] NCCL INFO Bootstrap : Using ib0:10.148.8.203<0>
jean-zay-iam37:261385:261385 [6] NCCL INFO NET/Plugin : No plugin found (libnccl-net.so), using internal implementation
jean-zay-iam37:261385:261385 [6] NCCL INFO NET/IB : Using [0]hfi1_1:1/IB [1]hfi1_0:1/IB [2]hfi1_2:1/IB [3]hfi1_3:1/IB ; OOB ib0:10.148.8.203<0>
jean-zay-iam37:261385:261385 [6] NCCL INFO Using network IB
jean-zay-iam52:263016:263142 [1] NCCL INFO Trees [0] 26/-1/-1->25->24 [1] 26/-1/-1->25->24
jean-zay-iam52:263016:263142 [1] NCCL INFO Setting affinity for GPU 1 to ffffffff
jean-zay-iam52:263017:263138 [2] NCCL INFO Trees [0] 27/-1/-1->26->25 [1] 27/-1/-1->26->25
jean-zay-iam52:263017:263138 [2] NCCL INFO Setting affinity for GPU 2 to ffffffff
jean-zay-iam52:263018:263141 [3] NCCL INFO Trees [0] 28/-1/-1->27->26 [1] 28/-1/-1->27->26
jean-zay-iam52:263018:263141 [3] NCCL INFO Setting affinity for GPU 3 to ffffffff
jean-zay-iam52:263021:263137 [6] NCCL INFO Trees [0] 31/-1/-1->30->29 [1] 31/-1/-1->30->29
jean-zay-iam52:263020:263139 [5] NCCL INFO Trees [0] 30/-1/-1->29->28 [1] 30/-1/-1->29->28
jean-zay-iam52:263021:263137 [6] NCCL INFO Setting affinity for GPU 6 to ff,00000000
jean-zay-iam52:263020:263139 [5] NCCL INFO Setting affinity for GPU 5 to ff,00000000
jean-zay-iam52:263019:263136 [4] NCCL INFO Trees [0] 29/-1/-1->28->27 [1] 29/-1/-1->28->27
jean-zay-iam52:263022:263135 [7] NCCL INFO Trees [0] -1/-1/-1->31->30 [1] -1/-1/-1->31->30
jean-zay-iam52:263019:263136 [4] NCCL INFO Setting affinity for GPU 4 to ff,00000000
jean-zay-iam52:263022:263135 [7] NCCL INFO Setting affinity for GPU 7 to ff,00000000
jean-zay-iam37:261379:261471 [0] NCCL INFO Channel 00/02 :    0   1   2   3   4   5   6   7   8   9  10  11  12  13  14  15  16  17  18  19
jean-zay-iam37:261381:261500 [2] NCCL INFO Trees [0] 3/-1/-1->2->1 [1] 3/-1/-1->2->1
jean-zay-iam37:261379:261471 [0] NCCL INFO Channel 01/02 :    0   1   2   3   4   5   6   7   8   9  10  11  12  13  14  15  16  17  18  19
jean-zay-iam37:261379:261471 [0] NCCL INFO Trees [0] 1/16/-1->0->-1 [1] 1/-1/-1->0->8
jean-zay-iam37:261380:261497 [1] NCCL INFO Trees [0] 2/-1/-1->1->0 [1] 2/-1/-1->1->0
jean-zay-iam37:261381:261500 [2] NCCL INFO Setting affinity for GPU 2 to ffffffff
jean-zay-iam37:261379:261471 [0] NCCL INFO Setting affinity for GPU 0 to ffffffff
jean-zay-iam37:261380:261497 [1] NCCL INFO Setting affinity for GPU 1 to ffffffff
jean-zay-iam41:276749:276869 [3] NCCL INFO Trees [0] 20/-1/-1->19->18 [1] 20/-1/-1->19->18
jean-zay-iam41:276751:276865 [5] NCCL INFO Trees [0] 22/-1/-1->21->20 [1] 22/-1/-1->21->20
jean-zay-iam41:276749:276869 [3] NCCL INFO Setting affinity for GPU 3 to ffffffff
jean-zay-iam41:276750:276871 [4] NCCL INFO Trees [0] 21/-1/-1->20->19 [1] 21/-1/-1->20->19
jean-zay-iam41:276752:276872 [6] NCCL INFO Trees [0] 23/-1/-1->22->21 [1] 23/-1/-1->22->21
jean-zay-iam52:263015:263140 [0] NCCL INFO Trees [0] 25/-1/-1->24->16 [1] 25/8/-1->24->-1
jean-zay-iam52:263015:263140 [0] NCCL INFO Setting affinity for GPU 0 to ffffffff
jean-zay-iam40:289974:290092 [7] NCCL INFO Trees [0] -1/-1/-1->15->14 [1] -1/-1/-1->15->14
jean-zay-iam41:276751:276865 [5] NCCL INFO Setting affinity for GPU 5 to ff,00000000
jean-zay-iam41:276750:276871 [4] NCCL INFO Setting affinity for GPU 4 to ff,00000000
jean-zay-iam41:276752:276872 [6] NCCL INFO Setting affinity for GPU 6 to ff,00000000
jean-zay-iam41:276753:276870 [7] NCCL INFO Trees [0] -1/-1/-1->23->22 [1] -1/-1/-1->23->22
jean-zay-iam41:276753:276870 [7] NCCL INFO Setting affinity for GPU 7 to ff,00000000
jean-zay-iam40:289974:290092 [7] NCCL INFO Setting affinity for GPU 7 to ff,00000000
jean-zay-iam41:276747:276867 [1] NCCL INFO Trees [0] 18/8/-1->17->16 [1] 18/-1/-1->17->16
jean-zay-iam41:276748:276866 [2] NCCL INFO Trees [0] 19/-1/-1->18->17 [1] 19/-1/-1->18->17
jean-zay-iam41:276746:276868 [0] NCCL INFO Trees [0] 17/24/-1->16->0 [1] 17/-1/-1->16->9
jean-zay-iam41:276748:276866 [2] NCCL INFO Setting affinity for GPU 2 to ffffffff
jean-zay-iam41:276746:276868 [0] NCCL INFO Setting affinity for GPU 0 to ffffffff
jean-zay-iam41:276747:276867 [1] NCCL INFO Setting affinity for GPU 1 to ffffffff
jean-zay-iam37:261382:261501 [3] NCCL INFO Trees [0] 4/-1/-1->3->2 [1] 4/-1/-1->3->2
jean-zay-iam37:261382:261501 [3] NCCL INFO Setting affinity for GPU 3 to ffffffff
jean-zay-iam37:261383:261499 [4] NCCL INFO Trees [0] 5/-1/-1->4->3 [1] 5/-1/-1->4->3
jean-zay-iam37:261383:261499 [4] NCCL INFO Setting affinity for GPU 4 to ff,00000000
jean-zay-iam37:261385:261506 [6] NCCL INFO Trees [0] 7/-1/-1->6->5 [1] 7/-1/-1->6->5
jean-zay-iam37:261385:261506 [6] NCCL INFO Setting affinity for GPU 6 to ff,00000000
jean-zay-iam37:261384:261496 [5] NCCL INFO Trees [0] 6/-1/-1->5->4 [1] 6/-1/-1->5->4
jean-zay-iam37:261384:261496 [5] NCCL INFO Setting affinity for GPU 5 to ff,00000000
jean-zay-iam37:261386:261498 [7] NCCL INFO Trees [0] -1/-1/-1->7->6 [1] -1/-1/-1->7->6
jean-zay-iam37:261386:261498 [7] NCCL INFO Setting affinity for GPU 7 to ff,00000000
jean-zay-iam40:289967:290091 [0] NCCL INFO Trees [0] 9/-1/-1->8->17 [1] 9/0/-1->8->24
jean-zay-iam40:289967:290091 [0] NCCL INFO Setting affinity for GPU 0 to ffffffff
jean-zay-iam40:289969:290087 [2] NCCL INFO Trees [0] 11/-1/-1->10->9 [1] 11/-1/-1->10->9
jean-zay-iam40:289970:290090 [3] NCCL INFO Trees [0] 12/-1/-1->11->10 [1] 12/-1/-1->11->10
jean-zay-iam40:289968:290086 [1] NCCL INFO Trees [0] 10/-1/-1->9->8 [1] 10/16/-1->9->8
jean-zay-iam40:289973:290089 [6] NCCL INFO Trees [0] 15/-1/-1->14->13 [1] 15/-1/-1->14->13
jean-zay-iam40:289969:290087 [2] NCCL INFO Setting affinity for GPU 2 to ffffffff
jean-zay-iam40:289970:290090 [3] NCCL INFO Setting affinity for GPU 3 to ffffffff
jean-zay-iam40:289973:290089 [6] NCCL INFO Setting affinity for GPU 6 to ff,00000000
jean-zay-iam40:289968:290086 [1] NCCL INFO Setting affinity for GPU 1 to ffffffff
jean-zay-iam40:289972:290088 [5] NCCL INFO Trees [0] 14/-1/-1->13->12 [1] 14/-1/-1->13->12
jean-zay-iam40:289971:290093 [4] NCCL INFO Trees [0] 13/-1/-1->12->11 [1] 13/-1/-1->12->11
jean-zay-iam40:289972:290088 [5] NCCL INFO Setting affinity for GPU 5 to ff,00000000
jean-zay-iam40:289971:290093 [4] NCCL INFO Setting affinity for GPU 4 to ff,00000000
jean-zay-iam37:261379:261471 [0] NCCL INFO Channel 00 : 31[cb000] -> 0[7000] [receive] via NET/IB/1
jean-zay-iam40:289967:290091 [0] NCCL INFO Channel 00 : 7[cb000] -> 8[7000] [receive] via NET/IB/1
jean-zay-iam52:263015:263140 [0] NCCL INFO Channel 00 : 23[cb000] -> 24[7000] [receive] via NET/IB/1
jean-zay-iam52:263016:263142 [1] NCCL INFO Channel 00 : 25[b000] -> 26[48000] via P2P/IPC/read
jean-zay-iam52:263017:263138 [2] NCCL INFO Channel 00 : 26[48000] -> 27[4c000] via P2P/IPC/read
jean-zay-iam52:263018:263141 [3] NCCL INFO Channel 00 : 27[4c000] -> 28[88000] via P2P/IPC/read
jean-zay-iam41:276746:276868 [0] NCCL INFO Channel 00 : 15[cb000] -> 16[7000] [receive] via NET/IB/1
jean-zay-iam52:263020:263139 [5] NCCL INFO Channel 00 : 29[8b000] -> 30[c8000] via P2P/IPC/read
jean-zay-iam40:289974:290092 [7] NCCL INFO Channel 00 : 15[cb000] -> 16[7000] [send] via NET/IB/3
jean-zay-iam41:276752:276872 [6] NCCL INFO Channel 00 : 22[c8000] -> 23[cb000] via P2P/IPC/read
jean-zay-iam52:263019:263136 [4] NCCL INFO Channel 00 : 28[88000] -> 29[8b000] via P2P/IPC/read
jean-zay-iam52:263021:263137 [6] NCCL INFO Channel 00 : 30[c8000] -> 31[cb000] via P2P/IPC/read
jean-zay-iam52:263016:263142 [1] NCCL INFO Channel 01 : 25[b000] -> 26[48000] via P2P/IPC/read
jean-zay-iam41:276750:276871 [4] NCCL INFO Channel 00 : 20[88000] -> 21[8b000] via P2P/IPC/read
jean-zay-iam52:263015:263140 [0] NCCL INFO Channel 01 : 23[cb000] -> 24[7000] [receive] via NET/IB/1
jean-zay-iam52:263017:263138 [2] NCCL INFO Channel 01 : 26[48000] -> 27[4c000] via P2P/IPC/read
jean-zay-iam41:276751:276865 [5] NCCL INFO Channel 00 : 21[8b000] -> 22[c8000] via P2P/IPC/read
jean-zay-iam52:263022:263135 [7] NCCL INFO Channel 00 : 31[cb000] -> 0[7000] [send] via NET/IB/3
jean-zay-iam41:276749:276869 [3] NCCL INFO Channel 00 : 19[4c000] -> 20[88000] via P2P/IPC/read
jean-zay-iam37:261379:261471 [0] NCCL INFO Channel 01 : 31[cb000] -> 0[7000] [receive] via NET/IB/1
jean-zay-iam37:261381:261500 [2] NCCL INFO Channel 00 : 2[48000] -> 3[4c000] via P2P/IPC/read
jean-zay-iam52:263018:263141 [3] NCCL INFO Channel 01 : 27[4c000] -> 28[88000] via P2P/IPC/read
jean-zay-iam41:276747:276867 [1] NCCL INFO Channel 00 : 17[b000] -> 18[48000] via P2P/IPC/read
jean-zay-iam41:276748:276866 [2] NCCL INFO Channel 00 : 18[48000] -> 19[4c000] via P2P/IPC/read
jean-zay-iam52:263020:263139 [5] NCCL INFO Channel 01 : 29[8b000] -> 30[c8000] via P2P/IPC/read
jean-zay-iam37:261380:261497 [1] NCCL INFO Channel 00 : 1[b000] -> 2[48000] via P2P/IPC/read
jean-zay-iam41:276746:276868 [0] NCCL INFO Channel 01 : 15[cb000] -> 16[7000] [receive] via NET/IB/1
jean-zay-iam37:261382:261501 [3] NCCL INFO Channel 00 : 3[4c000] -> 4[88000] via P2P/IPC/read
jean-zay-iam37:261385:261506 [6] NCCL INFO Channel 00 : 6[c8000] -> 7[cb000] via P2P/IPC/read
jean-zay-iam41:276752:276872 [6] NCCL INFO Channel 01 : 22[c8000] -> 23[cb000] via P2P/IPC/read
jean-zay-iam52:263019:263136 [4] NCCL INFO Channel 01 : 28[88000] -> 29[8b000] via P2P/IPC/read
jean-zay-iam52:263021:263137 [6] NCCL INFO Channel 01 : 30[c8000] -> 31[cb000] via P2P/IPC/read
jean-zay-iam40:289967:290091 [0] NCCL INFO Channel 01 : 7[cb000] -> 8[7000] [receive] via NET/IB/1
jean-zay-iam40:289968:290086 [1] NCCL INFO Channel 00 : 9[b000] -> 10[48000] via P2P/IPC/read
jean-zay-iam52:263015:263140 [0] NCCL INFO Channel 00 : 24[7000] -> 25[b000] via P2P/IPC/read
jean-zay-iam41:276753:276870 [7] NCCL INFO Channel 00 : 23[cb000] -> 24[7000] [send] via NET/IB/3
jean-zay-iam41:276750:276871 [4] NCCL INFO Channel 01 : 20[88000] -> 21[8b000] via P2P/IPC/read
jean-zay-iam40:289970:290090 [3] NCCL INFO Channel 00 : 11[4c000] -> 12[88000] via P2P/IPC/read
jean-zay-iam40:289969:290087 [2] NCCL INFO Channel 00 : 10[48000] -> 11[4c000] via P2P/IPC/read
jean-zay-iam40:289973:290089 [6] NCCL INFO Channel 00 : 14[c8000] -> 15[cb000] via P2P/IPC/read
jean-zay-iam40:289972:290088 [5] NCCL INFO Channel 00 : 13[8b000] -> 14[c8000] via P2P/IPC/read
jean-zay-iam37:261386:261498 [7] NCCL INFO Channel 00 : 7[cb000] -> 8[7000] [send] via NET/IB/3
jean-zay-iam41:276751:276865 [5] NCCL INFO Channel 01 : 21[8b000] -> 22[c8000] via P2P/IPC/read
jean-zay-iam41:276749:276869 [3] NCCL INFO Channel 01 : 19[4c000] -> 20[88000] via P2P/IPC/read
jean-zay-iam40:289974:290092 [7] NCCL INFO Channel 01 : 15[cb000] -> 16[7000] [send] via NET/IB/3
jean-zay-iam40:289971:290093 [4] NCCL INFO Channel 00 : 12[88000] -> 13[8b000] via P2P/IPC/read
jean-zay-iam41:276747:276867 [1] NCCL INFO Channel 01 : 17[b000] -> 18[48000] via P2P/IPC/read
jean-zay-iam41:276748:276866 [2] NCCL INFO Channel 01 : 18[48000] -> 19[4c000] via P2P/IPC/read
jean-zay-iam41:276746:276868 [0] NCCL INFO Channel 00 : 16[7000] -> 17[b000] via P2P/IPC/read
jean-zay-iam37:261383:261499 [4] NCCL INFO Channel 00 : 4[88000] -> 5[8b000] via P2P/IPC/read
jean-zay-iam52:263022:263135 [7] NCCL INFO Channel 01 : 31[cb000] -> 0[7000] [send] via NET/IB/3
jean-zay-iam37:261384:261496 [5] NCCL INFO Channel 00 : 5[8b000] -> 6[c8000] via P2P/IPC/read
jean-zay-iam40:289968:290086 [1] NCCL INFO Channel 01 : 9[b000] -> 10[48000] via P2P/IPC/read
jean-zay-iam40:289967:290091 [0] NCCL INFO Channel 00 : 8[7000] -> 9[b000] via P2P/IPC/read
jean-zay-iam40:289970:290090 [3] NCCL INFO Channel 01 : 11[4c000] -> 12[88000] via P2P/IPC/read
jean-zay-iam40:289969:290087 [2] NCCL INFO Channel 01 : 10[48000] -> 11[4c000] via P2P/IPC/read
jean-zay-iam40:289972:290088 [5] NCCL INFO Channel 01 : 13[8b000] -> 14[c8000] via P2P/IPC/read
jean-zay-iam40:289973:290089 [6] NCCL INFO Channel 01 : 14[c8000] -> 15[cb000] via P2P/IPC/read
jean-zay-iam37:261379:261471 [0] NCCL INFO Channel 00 : 0[7000] -> 1[b000] via P2P/IPC/read
jean-zay-iam37:261381:261500 [2] NCCL INFO Channel 01 : 2[48000] -> 3[4c000] via P2P/IPC/read
jean-zay-iam40:289971:290093 [4] NCCL INFO Channel 01 : 12[88000] -> 13[8b000] via P2P/IPC/read
jean-zay-iam37:261380:261497 [1] NCCL INFO Channel 01 : 1[b000] -> 2[48000] via P2P/IPC/read
jean-zay-iam37:261382:261501 [3] NCCL INFO Channel 01 : 3[4c000] -> 4[88000] via P2P/IPC/read
jean-zay-iam37:261385:261506 [6] NCCL INFO Channel 01 : 6[c8000] -> 7[cb000] via P2P/IPC/read
jean-zay-iam37:261386:261498 [7] NCCL INFO Channel 01 : 7[cb000] -> 8[7000] [send] via NET/IB/3
jean-zay-iam41:276753:276870 [7] NCCL INFO Channel 01 : 23[cb000] -> 24[7000] [send] via NET/IB/3
jean-zay-iam52:263015:263140 [0] NCCL INFO Channel 01 : 24[7000] -> 25[b000] via P2P/IPC/read
jean-zay-iam37:261383:261499 [4] NCCL INFO Channel 01 : 4[88000] -> 5[8b000] via P2P/IPC/read
jean-zay-iam37:261384:261496 [5] NCCL INFO Channel 01 : 5[8b000] -> 6[c8000] via P2P/IPC/read
jean-zay-iam40:289967:290091 [0] NCCL INFO Channel 01 : 8[7000] -> 9[b000] via P2P/IPC/read
jean-zay-iam41:276746:276868 [0] NCCL INFO Channel 01 : 16[7000] -> 17[b000] via P2P/IPC/read
jean-zay-iam37:261379:261471 [0] NCCL INFO Channel 01 : 0[7000] -> 1[b000] via P2P/IPC/read
jean-zay-iam52:263017:263138 [2] NCCL INFO Connected all rings
jean-zay-iam41:276753:276870 [7] NCCL INFO Connected all rings
jean-zay-iam52:263018:263141 [3] NCCL INFO Connected all rings
jean-zay-iam52:263015:263140 [0] NCCL INFO Connected all rings
jean-zay-iam52:263019:263136 [4] NCCL INFO Connected all rings
jean-zay-iam37:261386:261498 [7] NCCL INFO Connected all rings
jean-zay-iam41:276751:276865 [5] NCCL INFO Connected all rings
jean-zay-iam40:289967:290091 [0] NCCL INFO Connected all rings
jean-zay-iam52:263020:263139 [5] NCCL INFO Connected all rings
jean-zay-iam40:289974:290092 [7] NCCL INFO Connected all rings
jean-zay-iam41:276750:276871 [4] NCCL INFO Connected all rings
jean-zay-iam41:276746:276868 [0] NCCL INFO Connected all rings
jean-zay-iam52:263022:263135 [7] NCCL INFO Connected all rings
jean-zay-iam37:261379:261471 [0] NCCL INFO Connected all rings
jean-zay-iam41:276748:276866 [2] NCCL INFO Connected all rings
jean-zay-iam41:276749:276869 [3] NCCL INFO Connected all rings
jean-zay-iam52:263021:263137 [6] NCCL INFO Connected all rings
jean-zay-iam40:289973:290089 [6] NCCL INFO Connected all rings
jean-zay-iam40:289969:290087 [2] NCCL INFO Connected all rings
jean-zay-iam52:263015:263140 [0] NCCL INFO Channel 00 : 16[7000] -> 24[7000] [receive] via NET/IB/1
jean-zay-iam41:276753:276870 [7] NCCL INFO Channel 00 : 23[cb000] -> 22[c8000] via P2P/IPC/read
jean-zay-iam37:261381:261500 [2] NCCL INFO Connected all rings
jean-zay-iam40:289972:290088 [5] NCCL INFO Connected all rings
jean-zay-iam52:263016:263142 [1] NCCL INFO Connected all rings
jean-zay-iam52:263022:263135 [7] NCCL INFO Channel 00 : 31[cb000] -> 30[c8000] via P2P/IPC/read
jean-zay-iam41:276752:276872 [6] NCCL INFO Connected all rings
jean-zay-iam40:289970:290090 [3] NCCL INFO Connected all rings
jean-zay-iam40:289971:290093 [4] NCCL INFO Connected all rings
jean-zay-iam37:261386:261498 [7] NCCL INFO Channel 00 : 7[cb000] -> 6[c8000] via P2P/IPC/read
jean-zay-iam37:261382:261501 [3] NCCL INFO Connected all rings
jean-zay-iam40:289974:290092 [7] NCCL INFO Channel 00 : 15[cb000] -> 14[c8000] via P2P/IPC/read
jean-zay-iam41:276747:276867 [1] NCCL INFO Connected all rings
jean-zay-iam40:289967:290091 [0] NCCL INFO Channel 01 : 0[7000] -> 8[7000] [receive] via NET/IB/1
jean-zay-iam41:276746:276868 [0] NCCL INFO Channel 01 : 9[b000] -> 16[7000] [receive] via NET/IB/1
jean-zay-iam37:261384:261496 [5] NCCL INFO Connected all rings
jean-zay-iam37:261383:261499 [4] NCCL INFO Connected all rings
jean-zay-iam40:289968:290086 [1] NCCL INFO Connected all rings
jean-zay-iam37:261385:261506 [6] NCCL INFO Connected all rings
jean-zay-iam52:263022:263135 [7] NCCL INFO Channel 01 : 31[cb000] -> 30[c8000] via P2P/IPC/read
jean-zay-iam41:276753:276870 [7] NCCL INFO Channel 01 : 23[cb000] -> 22[c8000] via P2P/IPC/read
jean-zay-iam37:261379:261471 [0] NCCL INFO Channel 01 : 0[7000] -> 8[7000] [send] via NET/IB/1
jean-zay-iam52:263017:263138 [2] NCCL INFO Channel 00 : 26[48000] -> 25[b000] via P2P/IPC/read
jean-zay-iam37:261380:261497 [1] NCCL INFO Connected all rings
jean-zay-iam40:289974:290092 [7] NCCL INFO Channel 01 : 15[cb000] -> 14[c8000] via P2P/IPC/read
jean-zay-iam52:263018:263141 [3] NCCL INFO Channel 00 : 27[4c000] -> 26[48000] via P2P/IPC/read
jean-zay-iam52:263019:263136 [4] NCCL INFO Channel 00 : 28[88000] -> 27[4c000] via P2P/IPC/read
jean-zay-iam52:263020:263139 [5] NCCL INFO Channel 00 : 29[8b000] -> 28[88000] via P2P/IPC/read
jean-zay-iam41:276751:276865 [5] NCCL INFO Channel 00 : 21[8b000] -> 20[88000] via P2P/IPC/read
jean-zay-iam41:276747:276867 [1] NCCL INFO Channel 00 : 8[7000] -> 17[b000] [receive] via NET/IB/1
jean-zay-iam37:261386:261498 [7] NCCL INFO Channel 01 : 7[cb000] -> 6[c8000] via P2P/IPC/read
jean-zay-iam41:276750:276871 [4] NCCL INFO Channel 00 : 20[88000] -> 19[4c000] via P2P/IPC/read
jean-zay-iam52:263017:263138 [2] NCCL INFO Channel 01 : 26[48000] -> 25[b000] via P2P/IPC/read
jean-zay-iam52:263021:263137 [6] NCCL INFO Channel 00 : 30[c8000] -> 29[8b000] via P2P/IPC/read
jean-zay-iam41:276748:276866 [2] NCCL INFO Channel 00 : 18[48000] -> 17[b000] via P2P/IPC/read
jean-zay-iam41:276749:276869 [3] NCCL INFO Channel 00 : 19[4c000] -> 18[48000] via P2P/IPC/read
jean-zay-iam40:289968:290086 [1] NCCL INFO Channel 01 : 9[b000] -> 16[7000] [send] via NET/IB/1
jean-zay-iam52:263018:263141 [3] NCCL INFO Channel 01 : 27[4c000] -> 26[48000] via P2P/IPC/read
jean-zay-iam52:263019:263136 [4] NCCL INFO Channel 01 : 28[88000] -> 27[4c000] via P2P/IPC/read
jean-zay-iam52:263020:263139 [5] NCCL INFO Channel 01 : 29[8b000] -> 28[88000] via P2P/IPC/read
jean-zay-iam52:263016:263142 [1] NCCL INFO Channel 00 : 25[b000] -> 24[7000] via P2P/IPC/read
jean-zay-iam41:276751:276865 [5] NCCL INFO Channel 01 : 21[8b000] -> 20[88000] via P2P/IPC/read
jean-zay-iam41:276750:276871 [4] NCCL INFO Channel 01 : 20[88000] -> 19[4c000] via P2P/IPC/read
jean-zay-iam41:276752:276872 [6] NCCL INFO Channel 00 : 22[c8000] -> 21[8b000] via P2P/IPC/read
jean-zay-iam37:261379:261471 [0] NCCL INFO Channel 00 : 16[7000] -> 0[7000] [receive] via NET/IB/1
jean-zay-iam41:276748:276866 [2] NCCL INFO Channel 01 : 18[48000] -> 17[b000] via P2P/IPC/read
jean-zay-iam41:276749:276869 [3] NCCL INFO Channel 01 : 19[4c000] -> 18[48000] via P2P/IPC/read
jean-zay-iam52:263021:263137 [6] NCCL INFO Channel 01 : 30[c8000] -> 29[8b000] via P2P/IPC/read
jean-zay-iam40:289973:290089 [6] NCCL INFO Channel 00 : 14[c8000] -> 13[8b000] via P2P/IPC/read
jean-zay-iam41:276752:276872 [6] NCCL INFO Channel 01 : 22[c8000] -> 21[8b000] via P2P/IPC/read
jean-zay-iam40:289969:290087 [2] NCCL INFO Channel 00 : 10[48000] -> 9[b000] via P2P/IPC/read
jean-zay-iam40:289967:290091 [0] NCCL INFO Channel 00 : 8[7000] -> 17[b000] [send] via NET/IB/1
jean-zay-iam40:289970:290090 [3] NCCL INFO Channel 00 : 11[4c000] -> 10[48000] via P2P/IPC/read
jean-zay-iam40:289972:290088 [5] NCCL INFO Channel 00 : 13[8b000] -> 12[88000] via P2P/IPC/read
jean-zay-iam40:289971:290093 [4] NCCL INFO Channel 00 : 12[88000] -> 11[4c000] via P2P/IPC/read
jean-zay-iam37:261381:261500 [2] NCCL INFO Channel 00 : 2[48000] -> 1[b000] via P2P/IPC/read
jean-zay-iam52:263016:263142 [1] NCCL INFO Channel 01 : 25[b000] -> 24[7000] via P2P/IPC/read
jean-zay-iam37:261382:261501 [3] NCCL INFO Channel 00 : 3[4c000] -> 2[48000] via P2P/IPC/read
jean-zay-iam37:261385:261506 [6] NCCL INFO Channel 00 : 6[c8000] -> 5[8b000] via P2P/IPC/read
jean-zay-iam37:261384:261496 [5] NCCL INFO Channel 00 : 5[8b000] -> 4[88000] via P2P/IPC/read
jean-zay-iam40:289973:290089 [6] NCCL INFO Channel 01 : 14[c8000] -> 13[8b000] via P2P/IPC/read
jean-zay-iam40:289969:290087 [2] NCCL INFO Channel 01 : 10[48000] -> 9[b000] via P2P/IPC/read
jean-zay-iam40:289968:290086 [1] NCCL INFO Channel 01 : 16[7000] -> 9[b000] [receive] via NET/IB/1
jean-zay-iam37:261383:261499 [4] NCCL INFO Channel 00 : 4[88000] -> 3[4c000] via P2P/IPC/read
jean-zay-iam37:261379:261471 [0] NCCL INFO Channel 00 : 0[7000] -> 16[7000] [send] via NET/IB/1
jean-zay-iam40:289970:290090 [3] NCCL INFO Channel 01 : 11[4c000] -> 10[48000] via P2P/IPC/read
jean-zay-iam40:289972:290088 [5] NCCL INFO Channel 01 : 13[8b000] -> 12[88000] via P2P/IPC/read
jean-zay-iam40:289971:290093 [4] NCCL INFO Channel 01 : 12[88000] -> 11[4c000] via P2P/IPC/read
jean-zay-iam37:261380:261497 [1] NCCL INFO Channel 00 : 1[b000] -> 0[7000] via P2P/IPC/read
jean-zay-iam40:289967:290091 [0] NCCL INFO Channel 01 : 24[7000] -> 8[7000] [receive] via NET/IB/1
jean-zay-iam37:261381:261500 [2] NCCL INFO Channel 01 : 2[48000] -> 1[b000] via P2P/IPC/read
jean-zay-iam37:261382:261501 [3] NCCL INFO Channel 01 : 3[4c000] -> 2[48000] via P2P/IPC/read
jean-zay-iam37:261385:261506 [6] NCCL INFO Channel 01 : 6[c8000] -> 5[8b000] via P2P/IPC/read
jean-zay-iam37:261384:261496 [5] NCCL INFO Channel 01 : 5[8b000] -> 4[88000] via P2P/IPC/read
jean-zay-iam37:261383:261499 [4] NCCL INFO Channel 01 : 4[88000] -> 3[4c000] via P2P/IPC/read
jean-zay-iam41:276746:276868 [0] NCCL INFO Channel 00 : 16[7000] -> 24[7000] [send] via NET/IB/1
jean-zay-iam37:261380:261497 [1] NCCL INFO Channel 01 : 1[b000] -> 0[7000] via P2P/IPC/read
jean-zay-iam41:276753:276870 [7] NCCL INFO Connected all trees
jean-zay-iam41:276753:276870 [7] NCCL INFO threadThresholds 8/8/64 | 256/8/64 | 8/8/512
jean-zay-iam41:276753:276870 [7] NCCL INFO 2 coll channels, 2 p2p channels, 1 p2p channels per peer
jean-zay-iam52:263022:263135 [7] NCCL INFO Connected all trees
jean-zay-iam52:263022:263135 [7] NCCL INFO threadThresholds 8/8/64 | 256/8/64 | 8/8/512
jean-zay-iam52:263022:263135 [7] NCCL INFO 2 coll channels, 2 p2p channels, 1 p2p channels per peer
jean-zay-iam41:276747:276867 [1] NCCL INFO Channel 00 : 17[b000] -> 8[7000] [send] via NET/IB/1
jean-zay-iam40:289974:290092 [7] NCCL INFO Connected all trees
jean-zay-iam40:289974:290092 [7] NCCL INFO threadThresholds 8/8/64 | 256/8/64 | 8/8/512
jean-zay-iam40:289974:290092 [7] NCCL INFO 2 coll channels, 2 p2p channels, 1 p2p channels per peer
jean-zay-iam52:263018:263141 [3] NCCL INFO Connected all trees
jean-zay-iam52:263018:263141 [3] NCCL INFO threadThresholds 8/8/64 | 256/8/64 | 8/8/512
jean-zay-iam52:263018:263141 [3] NCCL INFO 2 coll channels, 2 p2p channels, 1 p2p channels per peer
jean-zay-iam40:289967:290091 [0] NCCL INFO Channel 01 : 8[7000] -> 24[7000] [send] via NET/IB/1
jean-zay-iam52:263019:263136 [4] NCCL INFO Connected all trees
jean-zay-iam52:263019:263136 [4] NCCL INFO threadThresholds 8/8/64 | 256/8/64 | 8/8/512
jean-zay-iam52:263019:263136 [4] NCCL INFO 2 coll channels, 2 p2p channels, 1 p2p channels per peer
jean-zay-iam37:261386:261498 [7] NCCL INFO Connected all trees
jean-zay-iam37:261386:261498 [7] NCCL INFO threadThresholds 8/8/64 | 256/8/64 | 8/8/512
jean-zay-iam37:261386:261498 [7] NCCL INFO 2 coll channels, 2 p2p channels, 1 p2p channels per peer
jean-zay-iam41:276750:276871 [4] NCCL INFO Connected all trees
jean-zay-iam41:276750:276871 [4] NCCL INFO threadThresholds 8/8/64 | 256/8/64 | 8/8/512
jean-zay-iam41:276750:276871 [4] NCCL INFO 2 coll channels, 2 p2p channels, 1 p2p channels per peer
jean-zay-iam41:276746:276868 [0] NCCL INFO Channel 00 : 0[7000] -> 16[7000] [receive] via NET/IB/1
jean-zay-iam41:276749:276869 [3] NCCL INFO Connected all trees
jean-zay-iam41:276749:276869 [3] NCCL INFO threadThresholds 8/8/64 | 256/8/64 | 8/8/512
jean-zay-iam41:276749:276869 [3] NCCL INFO 2 coll channels, 2 p2p channels, 1 p2p channels per peer
jean-zay-iam41:276752:276872 [6] NCCL INFO Connected all trees
jean-zay-iam41:276752:276872 [6] NCCL INFO threadThresholds 8/8/64 | 256/8/64 | 8/8/512
jean-zay-iam52:263021:263137 [6] NCCL INFO Connected all trees
jean-zay-iam41:276752:276872 [6] NCCL INFO 2 coll channels, 2 p2p channels, 1 p2p channels per peer
jean-zay-iam52:263021:263137 [6] NCCL INFO threadThresholds 8/8/64 | 256/8/64 | 8/8/512
jean-zay-iam52:263021:263137 [6] NCCL INFO 2 coll channels, 2 p2p channels, 1 p2p channels per peer
jean-zay-iam41:276751:276865 [5] NCCL INFO Connected all trees
jean-zay-iam41:276751:276865 [5] NCCL INFO threadThresholds 8/8/64 | 256/8/64 | 8/8/512
jean-zay-iam41:276751:276865 [5] NCCL INFO 2 coll channels, 2 p2p channels, 1 p2p channels per peer
jean-zay-iam52:263015:263140 [0] NCCL INFO Channel 01 : 8[7000] -> 24[7000] [receive] via NET/IB/1
jean-zay-iam52:263020:263139 [5] NCCL INFO Connected all trees
jean-zay-iam52:263020:263139 [5] NCCL INFO threadThresholds 8/8/64 | 256/8/64 | 8/8/512
jean-zay-iam52:263020:263139 [5] NCCL INFO 2 coll channels, 2 p2p channels, 1 p2p channels per peer
jean-zay-iam52:263017:263138 [2] NCCL INFO Connected all trees
jean-zay-iam52:263017:263138 [2] NCCL INFO threadThresholds 8/8/64 | 256/8/64 | 8/8/512
jean-zay-iam52:263017:263138 [2] NCCL INFO 2 coll channels, 2 p2p channels, 1 p2p channels per peer
jean-zay-iam40:289973:290089 [6] NCCL INFO Connected all trees
jean-zay-iam40:289973:290089 [6] NCCL INFO threadThresholds 8/8/64 | 256/8/64 | 8/8/512
jean-zay-iam40:289973:290089 [6] NCCL INFO 2 coll channels, 2 p2p channels, 1 p2p channels per peer
jean-zay-iam40:289970:290090 [3] NCCL INFO Connected all trees
jean-zay-iam40:289970:290090 [3] NCCL INFO threadThresholds 8/8/64 | 256/8/64 | 8/8/512
jean-zay-iam40:289970:290090 [3] NCCL INFO 2 coll channels, 2 p2p channels, 1 p2p channels per peer
jean-zay-iam41:276746:276868 [0] NCCL INFO Channel 00 : 16[7000] -> 0[7000] [send] via NET/IB/1
jean-zay-iam40:289971:290093 [4] NCCL INFO Connected all trees
jean-zay-iam40:289971:290093 [4] NCCL INFO threadThresholds 8/8/64 | 256/8/64 | 8/8/512
jean-zay-iam40:289971:290093 [4] NCCL INFO 2 coll channels, 2 p2p channels, 1 p2p channels per peer
jean-zay-iam40:289972:290088 [5] NCCL INFO Connected all trees
jean-zay-iam40:289972:290088 [5] NCCL INFO threadThresholds 8/8/64 | 256/8/64 | 8/8/512
jean-zay-iam40:289972:290088 [5] NCCL INFO 2 coll channels, 2 p2p channels, 1 p2p channels per peer
jean-zay-iam52:263015:263140 [0] NCCL INFO Channel 01 : 24[7000] -> 8[7000] [send] via NET/IB/1
jean-zay-iam37:261385:261506 [6] NCCL INFO Connected all trees
jean-zay-iam37:261385:261506 [6] NCCL INFO threadThresholds 8/8/64 | 256/8/64 | 8/8/512
jean-zay-iam37:261385:261506 [6] NCCL INFO 2 coll channels, 2 p2p channels, 1 p2p channels per peer
jean-zay-iam37:261382:261501 [3] NCCL INFO Connected all trees
jean-zay-iam37:261382:261501 [3] NCCL INFO threadThresholds 8/8/64 | 256/8/64 | 8/8/512
jean-zay-iam37:261382:261501 [3] NCCL INFO 2 coll channels, 2 p2p channels, 1 p2p channels per peer
jean-zay-iam37:261383:261499 [4] NCCL INFO Connected all trees
jean-zay-iam37:261383:261499 [4] NCCL INFO threadThresholds 8/8/64 | 256/8/64 | 8/8/512
jean-zay-iam37:261383:261499 [4] NCCL INFO 2 coll channels, 2 p2p channels, 1 p2p channels per peer
jean-zay-iam37:261384:261496 [5] NCCL INFO Connected all trees
jean-zay-iam37:261384:261496 [5] NCCL INFO threadThresholds 8/8/64 | 256/8/64 | 8/8/512
jean-zay-iam37:261384:261496 [5] NCCL INFO 2 coll channels, 2 p2p channels, 1 p2p channels per peer
jean-zay-iam41:276746:276868 [0] NCCL INFO Channel 00 : 24[7000] -> 16[7000] [receive] via NET/IB/1
jean-zay-iam37:261381:261500 [2] NCCL INFO Connected all trees
jean-zay-iam37:261381:261500 [2] NCCL INFO threadThresholds 8/8/64 | 256/8/64 | 8/8/512
jean-zay-iam37:261381:261500 [2] NCCL INFO 2 coll channels, 2 p2p channels, 1 p2p channels per peer
jean-zay-iam37:261379:261471 [0] NCCL INFO Channel 01 : 8[7000] -> 0[7000] [receive] via NET/IB/1
jean-zay-iam52:263015:263140 [0] NCCL INFO Channel 00 : 24[7000] -> 16[7000] [send] via NET/IB/1
jean-zay-iam40:289967:290091 [0] NCCL INFO Channel 00 : 17[b000] -> 8[7000] [receive] via NET/IB/1
jean-zay-iam41:276747:276867 [1] NCCL INFO Channel 00 : 17[b000] -> 16[7000] via P2P/IPC/read
jean-zay-iam41:276747:276867 [1] NCCL INFO Channel 01 : 17[b000] -> 16[7000] via P2P/IPC/read
jean-zay-iam52:263015:263140 [0] NCCL INFO Connected all trees
jean-zay-iam52:263015:263140 [0] NCCL INFO threadThresholds 8/8/64 | 256/8/64 | 8/8/512
jean-zay-iam52:263015:263140 [0] NCCL INFO 2 coll channels, 2 p2p channels, 1 p2p channels per peer
jean-zay-iam40:289967:290091 [0] NCCL INFO Channel 01 : 8[7000] -> 0[7000] [send] via NET/IB/1
jean-zay-iam41:276746:276868 [0] NCCL INFO Channel 01 : 16[7000] -> 9[b000] [send] via NET/IB/1
jean-zay-iam52:263016:263142 [1] NCCL INFO Connected all trees
jean-zay-iam52:263016:263142 [1] NCCL INFO threadThresholds 8/8/64 | 256/8/64 | 8/8/512
jean-zay-iam52:263016:263142 [1] NCCL INFO 2 coll channels, 2 p2p channels, 1 p2p channels per peer
jean-zay-iam52:263019:263136 [4] NCCL INFO comm 0x14b1a8002fb0 rank 28 nranks 32 cudaDev 4 busId 88000 - Init COMPLETE
jean-zay-iam52:263020:263139 [5] NCCL INFO comm 0x151418002fb0 rank 29 nranks 32 cudaDev 5 busId 8b000 - Init COMPLETE
jean-zay-iam52:263016:263142 [1] NCCL INFO comm 0x145588002fb0 rank 25 nranks 32 cudaDev 1 busId b000 - Init COMPLETE
jean-zay-iam52:263015:263140 [0] NCCL INFO comm 0x14c858002fb0 rank 24 nranks 32 cudaDev 0 busId 7000 - Init COMPLETE
jean-zay-iam52:263017:263138 [2] NCCL INFO comm 0x14e858002fb0 rank 26 nranks 32 cudaDev 2 busId 48000 - Init COMPLETE
jean-zay-iam52:263018:263141 [3] NCCL INFO comm 0x150208002fb0 rank 27 nranks 32 cudaDev 3 busId 4c000 - Init COMPLETE
jean-zay-iam52:263021:263137 [6] NCCL INFO comm 0x151df8002fb0 rank 30 nranks 32 cudaDev 6 busId c8000 - Init COMPLETE
jean-zay-iam52:263022:263135 [7] NCCL INFO comm 0x152728002fb0 rank 31 nranks 32 cudaDev 7 busId cb000 - Init COMPLETE
jean-zay-iam41:276748:276866 [2] NCCL INFO Connected all trees
jean-zay-iam41:276748:276866 [2] NCCL INFO threadThresholds 8/8/64 | 256/8/64 | 8/8/512
jean-zay-iam41:276748:276866 [2] NCCL INFO 2 coll channels, 2 p2p channels, 1 p2p channels per peer
jean-zay-iam40:289968:290086 [1] NCCL INFO Channel 00 : 9[b000] -> 8[7000] via P2P/IPC/read
jean-zay-iam40:289968:290086 [1] NCCL INFO Channel 01 : 9[b000] -> 8[7000] via P2P/IPC/read
jean-zay-iam37:261379:261471 [0] NCCL INFO Connected all trees
jean-zay-iam37:261379:261471 [0] NCCL INFO threadThresholds 8/8/64 | 256/8/64 | 8/8/512
jean-zay-iam37:261379:261471 [0] NCCL INFO 2 coll channels, 2 p2p channels, 1 p2p channels per peer
jean-zay-iam41:276746:276868 [0] NCCL INFO Connected all trees
jean-zay-iam41:276746:276868 [0] NCCL INFO threadThresholds 8/8/64 | 256/8/64 | 8/8/512
jean-zay-iam41:276746:276868 [0] NCCL INFO 2 coll channels, 2 p2p channels, 1 p2p channels per peer
jean-zay-iam37:261380:261497 [1] NCCL INFO Connected all trees
jean-zay-iam37:261380:261497 [1] NCCL INFO threadThresholds 8/8/64 | 256/8/64 | 8/8/512
jean-zay-iam37:261380:261497 [1] NCCL INFO 2 coll channels, 2 p2p channels, 1 p2p channels per peer
jean-zay-iam37:261380:261497 [1] NCCL INFO comm 0x151790002fb0 rank 1 nranks 32 cudaDev 1 busId b000 - Init COMPLETE
jean-zay-iam37:261379:261471 [0] NCCL INFO comm 0x151f24002fb0 rank 0 nranks 32 cudaDev 0 busId 7000 - Init COMPLETE
jean-zay-iam37:261382:261501 [3] NCCL INFO comm 0x14a538002fb0 rank 3 nranks 32 cudaDev 3 busId 4c000 - Init COMPLETE
jean-zay-iam37:261381:261500 [2] NCCL INFO comm 0x151028002fb0 rank 2 nranks 32 cudaDev 2 busId 48000 - Init COMPLETE
jean-zay-iam37:261383:261499 [4] NCCL INFO comm 0x152340002fb0 rank 4 nranks 32 cudaDev 4 busId 88000 - Init COMPLETE
jean-zay-iam37:261384:261496 [5] NCCL INFO comm 0x14d048002fb0 rank 5 nranks 32 cudaDev 5 busId 8b000 - Init COMPLETE
jean-zay-iam37:261379:261379 [0] NCCL INFO Launch mode Parallel
jean-zay-iam37:261386:261498 [7] NCCL INFO comm 0x1519b0002fb0 rank 7 nranks 32 cudaDev 7 busId cb000 - Init COMPLETE
jean-zay-iam37:261385:261506 [6] NCCL INFO comm 0x14bd98002fb0 rank 6 nranks 32 cudaDev 6 busId c8000 - Init COMPLETE
jean-zay-iam41:276747:276867 [1] NCCL INFO Connected all trees
jean-zay-iam41:276747:276867 [1] NCCL INFO threadThresholds 8/8/64 | 256/8/64 | 8/8/512
jean-zay-iam41:276747:276867 [1] NCCL INFO 2 coll channels, 2 p2p channels, 1 p2p channels per peer
jean-zay-iam41:276749:276869 [3] NCCL INFO comm 0x14d508002fb0 rank 19 nranks 32 cudaDev 3 busId 4c000 - Init COMPLETE
jean-zay-iam40:289967:290091 [0] NCCL INFO Connected all trees
jean-zay-iam41:276748:276866 [2] NCCL INFO comm 0x14ae78002fb0 rank 18 nranks 32 cudaDev 2 busId 48000 - Init COMPLETE
jean-zay-iam40:289967:290091 [0] NCCL INFO threadThresholds 8/8/64 | 256/8/64 | 8/8/512
jean-zay-iam40:289967:290091 [0] NCCL INFO 2 coll channels, 2 p2p channels, 1 p2p channels per peer
jean-zay-iam41:276747:276867 [1] NCCL INFO comm 0x14d928002fb0 rank 17 nranks 32 cudaDev 1 busId b000 - Init COMPLETE
jean-zay-iam41:276750:276871 [4] NCCL INFO comm 0x146d68002fb0 rank 20 nranks 32 cudaDev 4 busId 88000 - Init COMPLETE
jean-zay-iam41:276753:276870 [7] NCCL INFO comm 0x1523f8002fb0 rank 23 nranks 32 cudaDev 7 busId cb000 - Init COMPLETE
jean-zay-iam41:276746:276868 [0] NCCL INFO comm 0x152f60002fb0 rank 16 nranks 32 cudaDev 0 busId 7000 - Init COMPLETE
