r7i4n1:77232:77301 [1] NCCL INFO Setting affinity for GPU 1 to 0fffff
r14i7n4:5391:5428 [3] NCCL INFO Trees [0] -1/-1/-1->51->50|50->51->-1/-1/-1 [1] 48/-1/-1->51->50|50->51->48/-1/-1 [2] -1/-1/-1->51->50|50->51->-1/-1/-1 [3] 48/-1/-1->51->50|50->51->48/-1/-1
r14i7n4:5389:5423 [1] NCCL INFO Trees [0] 50/-1/-1->49->48|48->49->50/-1/-1 [1] -1/-1/-1->49->48|48->49->-1/-1/-1 [2] 50/-1/-1->49->48|48->49->50/-1/-1 [3] -1/-1/-1->49->48|48->49->-1/-1/-1
r14i7n4:5388:5438 [0] NCCL INFO Setting affinity for GPU 0 to 0fffff
r14i7n4:5391:5428 [3] NCCL INFO Setting affinity for GPU 3 to ff,fff00000
r14i7n4:5389:5423 [1] NCCL INFO Setting affinity for GPU 1 to 0fffff
r14i7n4:5390:5433 [2] NCCL INFO Setting affinity for GPU 2 to ff,fff00000
r14i7n5:42529:42568 [1] NCCL INFO Trees [0] 54/-1/-1->53->52|52->53->54/-1/-1 [1] -1/-1/-1->53->52|52->53->-1/-1/-1 [2] 54/-1/-1->53->52|52->53->54/-1/-1 [3] -1/-1/-1->53->52|52->53->-1/-1/-1
r14i7n5:42530:42573 [2] NCCL INFO Setting affinity for GPU 2 to ff,fff00000
r14i7n5:42531:42567 [3] NCCL INFO Setting affinity for GPU 3 to ff,fff00000
r14i7n5:42528:42578 [0] NCCL INFO Trees [0] 53/-1/-1->52->56|56->52->53/-1/-1 [1] 53/-1/-1->52->55|55->52->53/-1/-1 [2] 53/44/60->52->36|36->52->53/44/60 [3] 53/-1/-1->52->55|55->52->53/-1/-1
r14i7n5:42529:42568 [1] NCCL INFO Setting affinity for GPU 1 to 0fffff
r14i7n6:27451:27498 [3] NCCL INFO threadThresholds 8/8/64 | 512/8/64 | 8/8/64
r14i7n6:27448:27488 [0] NCCL INFO threadThresholds 8/8/64 | 512/8/64 | 8/8/64
r14i7n6:27451:27498 [3] NCCL INFO Trees [0] -1/-1/-1->59->58|58->59->-1/-1/-1 [1] 56/-1/-1->59->58|58->59->56/-1/-1 [2] -1/-1/-1->59->58|58->59->-1/-1/-1 [3] 56/-1/-1->59->58|58->59->56/-1/-1
r14i7n6:27448:27488 [0] NCCL INFO Trees [0] 57/52/60->56->48|48->56->57/52/60 [1] 57/-1/-1->56->59|59->56->57/-1/-1 [2] 57/-1/-1->56->60|60->56->57/-1/-1 [3] 57/-1/-1->56->59|59->56->57/-1/-1
r14i7n6:27449:27483 [1] NCCL INFO Setting affinity for GPU 1 to 0fffff
r14i7n6:27450:27493 [2] NCCL INFO Setting affinity for GPU 2 to ff,fff00000
r14i7n6:27448:27488 [0] NCCL INFO Setting affinity for GPU 0 to 0fffff
r7i4n1:77231:77291 [0] NCCL INFO threadThresholds 8/8/64 | 512/8/64 | 8/8/64
r14i7n5:42528:42578 [0] NCCL INFO Setting affinity for GPU 0 to 0fffff
r14i7n6:27451:27498 [3] NCCL INFO Setting affinity for GPU 3 to ff,fff00000
r14i7n3:66128:66176 [2] NCCL INFO Trees [0] 47/-1/-1->46->45|45->46->47/-1/-1 [1] 47/-1/-1->46->42|42->46->47/-1/-1 [2] 47/-1/-1->46->45|45->46->47/-1/-1 [3] 47/42/50->46->54|54->46->47/42/50
r7i4n1:77231:77291 [0] NCCL INFO Trees [0] 1/32/-1->0->-1|-1->0->1/32/-1 [1] 1/-1/-1->0->3|3->0->1/-1/-1 [2] 1/-1/-1->0->60|60->0->1/-1/-1 [3] 1/-1/-1->0->3|3->0->1/-1/-1
r7i4n1:77231:77291 [0] NCCL INFO Setting affinity for GPU 0 to 0fffff
r14i7n3:66126:66171 [0] NCCL INFO Setting affinity for GPU 0 to 0fffff
r14i7n3:66129:66161 [3] NCCL INFO Setting affinity for GPU 3 to ff,fff00000
r14i7n3:66128:66176 [2] NCCL INFO Setting affinity for GPU 2 to ff,fff00000
r14i7n3:66127:66166 [1] NCCL INFO Setting affinity for GPU 1 to 0fffff
r14i7n7:81280:81319 [1] NCCL INFO Trees [0] 62/-1/-1->61->60|60->61->62/-1/-1 [1] -1/-1/-1->61->60|60->61->-1/-1/-1 [2] 62/-1/-1->61->60|60->61->62/-1/-1 [3] -1/-1/-1->61->60|60->61->-1/-1/-1
r14i7n7:81282:81324 [3] NCCL INFO Setting affinity for GPU 3 to ff,fff00000
r14i7n7:81279:81314 [0] NCCL INFO Setting affinity for GPU 0 to 0fffff
r14i7n7:81281:81329 [2] NCCL INFO Setting affinity for GPU 2 to ff,fff00000
r14i7n7:81280:81319 [1] NCCL INFO Setting affinity for GPU 1 to 0fffff
r14i7n2:39447:39496 [2] NCCL INFO Trees [0] 43/-1/-1->42->41|41->42->43/-1/-1 [1] 43/38/46->42->50|50->42->43/38/46 [2] 43/-1/-1->42->41|41->42->43/-1/-1 [3] 43/-1/-1->42->46|46->42->43/-1/-1
r14i7n2:39448:39486 [3] NCCL INFO threadThresholds 8/8/64 | 512/8/64 | 8/8/64
r14i7n2:39446:39481 [1] NCCL INFO Trees [0] 42/-1/-1->41->40|40->41->42/-1/-1 [1] -1/-1/-1->41->40|40->41->-1/-1/-1 [2] 42/-1/-1->41->40|40->41->42/-1/-1 [3] -1/-1/-1->41->40|40->41->-1/-1/-1
r14i7n2:39448:39486 [3] NCCL INFO Trees [0] -1/-1/-1->43->42|42->43->-1/-1/-1 [1] 40/-1/-1->43->42|42->43->40/-1/-1 [2] -1/-1/-1->43->42|42->43->-1/-1/-1 [3] 40/-1/-1->43->42|42->43->40/-1/-1
r14i7n2:39447:39496 [2] NCCL INFO Setting affinity for GPU 2 to ff,fff00000
r14i7n2:39445:39491 [0] NCCL INFO Setting affinity for GPU 0 to 0fffff
r14i7n2:39446:39481 [1] NCCL INFO Setting affinity for GPU 1 to 0fffff
r14i7n2:39448:39486 [3] NCCL INFO Setting affinity for GPU 3 to ff,fff00000
r14i7n5:42529:42568 [1] NCCL INFO Channel 00 : 53[1c000] -> 54[88000] via P2P/IPC
r8i3n1:64579:64613 [1] NCCL INFO Channel 00 : 21[1c000] -> 22[88000] via P2P/IPC
r8i2n1:41758:41803 [1] NCCL INFO Channel 00 : 17[1c000] -> 18[88000] via P2P/IPC
r8i5n2:15799:15848 [1] NCCL INFO Channel 00 : 29[1c000] -> 30[88000] via P2P/IPC
r8i1n7:45556:45605 [1] NCCL INFO Channel 00 : 13[1c000] -> 14[88000] via P2P/IPC
r7i4n1:77232:77301 [1] NCCL INFO Channel 00 : 1[1c000] -> 2[88000] via P2P/IPC
r14i7n6:27449:27483 [1] NCCL INFO Channel 00 : 57[1c000] -> 58[88000] via P2P/IPC
r14i7n1:29726:29770 [1] NCCL INFO Channel 00 : 37[1c000] -> 38[88000] via P2P/IPC
r14i7n0:25488:25537 [1] NCCL INFO Channel 00 : 33[1c000] -> 34[88000] via P2P/IPC
r8i5n2:15800:15838 [2] NCCL INFO Channel 00 : 30[88000] -> 31[8a000] via P2P/IPC
r7i6n2:60565:60609 [1] NCCL INFO Channel 00 : 5[1c000] -> 6[88000] via P2P/IPC
r8i3n6:76353:76397 [1] NCCL INFO Channel 00 : 25[1c000] -> 26[88000] via P2P/IPC
r8i1n1:21964:22013 [1] NCCL INFO Channel 00 : 9[1c000] -> 10[88000] via P2P/IPC
r8i3n6:76354:76402 [2] NCCL INFO Channel 00 : 26[88000] -> 27[8a000] via P2P/IPC
r14i7n7:81280:81319 [1] NCCL INFO Channel 00 : 61[1c000] -> 62[88000] via P2P/IPC
r14i7n3:66127:66166 [1] NCCL INFO Channel 00 : 45[1c000] -> 46[88000] via P2P/IPC
r14i7n6:27450:27493 [2] NCCL INFO Channel 00 : 58[88000] -> 59[8a000] via P2P/IPC
r14i7n2:39446:39481 [1] NCCL INFO Channel 00 : 41[1c000] -> 42[88000] via P2P/IPC
r14i7n7:81281:81329 [2] NCCL INFO Channel 00 : 62[88000] -> 63[8a000] via P2P/IPC
r8i2n1:41759:41798 [2] NCCL INFO Channel 00 : 18[88000] -> 19[8a000] via P2P/IPC
r14i7n4:5389:5423 [1] NCCL INFO Channel 00 : 49[1c000] -> 50[88000] via P2P/IPC
r14i7n4:5390:5433 [2] NCCL INFO Channel 00 : 50[88000] -> 51[8a000] via P2P/IPC
r14i7n2:39447:39496 [2] NCCL INFO Channel 00 : 42[88000] -> 43[8a000] via P2P/IPC
r7i4n1:77233:77306 [2] NCCL INFO Channel 00 : 2[88000] -> 3[8a000] via P2P/IPC
r14i7n0:25489:25532 [2] NCCL INFO Channel 00 : 34[88000] -> 35[8a000] via P2P/IPC
r14i7n1:29727:29760 [2] NCCL INFO Channel 00 : 38[88000] -> 39[8a000] via P2P/IPC
r7i6n2:60566:60604 [2] NCCL INFO Channel 00 : 6[88000] -> 7[8a000] via P2P/IPC
r14i7n3:66128:66176 [2] NCCL INFO Channel 00 : 46[88000] -> 47[8a000] via P2P/IPC
r8i3n1:64580:64623 [2] NCCL INFO Channel 00 : 22[88000] -> 23[8a000] via P2P/IPC
r8i1n1:21965:22008 [2] NCCL INFO Channel 00 : 10[88000] -> 11[8a000] via P2P/IPC
r14i7n5:42530:42573 [2] NCCL INFO Channel 00 : 54[88000] -> 55[8a000] via P2P/IPC
r8i1n7:45557:45600 [2] NCCL INFO Channel 00 : 14[88000] -> 15[8a000] via P2P/IPC
r8i5n2:15800:15838 [2] NCCL INFO Channel 00 : 30[88000] -> 29[1c000] via P2P/IPC
r14i7n6:27450:27493 [2] NCCL INFO Channel 00 : 58[88000] -> 57[1c000] via P2P/IPC
r8i3n6:76354:76402 [2] NCCL INFO Channel 00 : 26[88000] -> 25[1c000] via P2P/IPC
r8i2n1:41759:41798 [2] NCCL INFO Channel 00 : 18[88000] -> 17[1c000] via P2P/IPC
r14i7n7:81281:81329 [2] NCCL INFO Channel 00 : 62[88000] -> 61[1c000] via P2P/IPC
r7i4n1:77233:77306 [2] NCCL INFO Channel 00 : 2[88000] -> 1[1c000] via P2P/IPC
r14i7n2:39447:39496 [2] NCCL INFO Channel 00 : 42[88000] -> 41[1c000] via P2P/IPC
r14i7n4:5390:5433 [2] NCCL INFO Channel 00 : 50[88000] -> 49[1c000] via P2P/IPC
r14i7n3:66128:66176 [2] NCCL INFO Channel 00 : 46[88000] -> 45[1c000] via P2P/IPC
r7i6n2:60566:60604 [2] NCCL INFO Channel 00 : 6[88000] -> 5[1c000] via P2P/IPC
r14i7n0:25489:25532 [2] NCCL INFO Channel 00 : 34[88000] -> 33[1c000] via P2P/IPC
r14i7n1:29727:29760 [2] NCCL INFO Channel 00 : 38[88000] -> 37[1c000] via P2P/IPC
r8i3n1:64580:64623 [2] NCCL INFO Channel 00 : 22[88000] -> 21[1c000] via P2P/IPC
r8i1n1:21965:22008 [2] NCCL INFO Channel 00 : 10[88000] -> 9[1c000] via P2P/IPC
r14i7n5:42530:42573 [2] NCCL INFO Channel 00 : 54[88000] -> 53[1c000] via P2P/IPC
r8i1n7:45557:45600 [2] NCCL INFO Channel 00 : 14[88000] -> 13[1c000] via P2P/IPC
r8i2n1:41757:41793 [0] NCCL INFO Channel 00 : 15[8a000] -> 16[1a000] [receive] via NET/IB/3
r8i1n7:45555:45595 [0] NCCL INFO Channel 00 : 11[8a000] -> 12[1a000] [receive] via NET/IB/3
r14i7n0:25487:25522 [0] NCCL INFO Channel 00 : 31[8a000] -> 32[1a000] [receive] via NET/IB/3
r14i7n5:42528:42578 [0] NCCL INFO Channel 00 : 51[8a000] -> 52[1a000] [receive] via NET/IB/3
r8i1n1:21963:22007 [0] NCCL INFO Channel 00 : 7[8a000] -> 8[1a000] [receive] via NET/IB/3
r14i7n1:29725:29775 [0] NCCL INFO Channel 00 : 35[8a000] -> 36[1a000] [receive] via NET/IB/3
r8i3n1:64578:64628 [0] NCCL INFO Channel 00 : 19[8a000] -> 20[1a000] [receive] via NET/IB/3
r14i7n3:66126:66171 [0] NCCL INFO Channel 00 : 43[8a000] -> 44[1a000] [receive] via NET/IB/3
r14i7n5:42528:42578 [0] NCCL INFO Channel 00 : 52[1a000] -> 53[1c000] via P2P/IPC
r7i6n2:60564:60599 [0] NCCL INFO Channel 00 : 3[8a000] -> 4[1a000] [receive] via NET/IB/3
r14i7n7:81279:81314 [0] NCCL INFO Channel 00 : 59[8a000] -> 60[1a000] [receive] via NET/IB/3
r8i5n2:15798:15843 [0] NCCL INFO Channel 00 : 27[8a000] -> 28[1a000] [receive] via NET/IB/3
r8i2n1:41757:41793 [0] NCCL INFO Channel 00 : 16[1a000] -> 17[1c000] via P2P/IPC
r14i7n2:39445:39491 [0] NCCL INFO Channel 00 : 39[8a000] -> 40[1a000] [receive] via NET/IB/3
r14i7n6:27448:27488 [0] NCCL INFO Channel 00 : 55[8a000] -> 56[1a000] [receive] via NET/IB/3
r8i3n6:76352:76387 [0] NCCL INFO Channel 00 : 23[8a000] -> 24[1a000] [receive] via NET/IB/3
r7i4n1:77231:77291 [0] NCCL INFO Channel 00 : 63[8a000] -> 0[1a000] [receive] via NET/IB/3
r8i1n1:21963:22007 [0] NCCL INFO Channel 00 : 8[1a000] -> 9[1c000] via P2P/IPC
r14i7n7:81279:81314 [0] NCCL INFO Channel 00 : 60[1a000] -> 61[1c000] via P2P/IPC
r14i7n0:25487:25522 [0] NCCL INFO Channel 00 : 32[1a000] -> 33[1c000] via P2P/IPC
r8i1n7:45555:45595 [0] NCCL INFO Channel 00 : 12[1a000] -> 13[1c000] via P2P/IPC
r8i5n2:15798:15843 [0] NCCL INFO Channel 00 : 28[1a000] -> 29[1c000] via P2P/IPC
r8i3n6:76355:76396 [3] NCCL INFO Channel 00 : 27[8a000] -> 28[1a000] [send] via NET/IB/2
r7i6n2:60564:60599 [0] NCCL INFO Channel 00 : 4[1a000] -> 5[1c000] via P2P/IPC
r14i7n1:29725:29775 [0] NCCL INFO Channel 00 : 36[1a000] -> 37[1c000] via P2P/IPC
r14i7n2:39445:39491 [0] NCCL INFO Channel 00 : 40[1a000] -> 41[1c000] via P2P/IPC
r8i5n2:15801:15833 [3] NCCL INFO Channel 00 : 31[8a000] -> 32[1a000] [send] via NET/IB/2
r7i4n1:77234:77296 [3] NCCL INFO Channel 00 : 3[8a000] -> 4[1a000] [send] via NET/IB/2
r8i3n1:64578:64628 [0] NCCL INFO Channel 00 : 20[1a000] -> 21[1c000] via P2P/IPC
r14i7n3:66126:66171 [0] NCCL INFO Channel 00 : 44[1a000] -> 45[1c000] via P2P/IPC
r8i2n1:41760:41808 [3] NCCL INFO Channel 00 : 19[8a000] -> 20[1a000] [send] via NET/IB/2
r14i7n7:81282:81324 [3] NCCL INFO Channel 00 : 63[8a000] -> 0[1a000] [send] via NET/IB/2
r14i7n6:27448:27488 [0] NCCL INFO Channel 00 : 56[1a000] -> 57[1c000] via P2P/IPC
r14i7n6:27451:27498 [3] NCCL INFO Channel 00 : 59[8a000] -> 60[1a000] [send] via NET/IB/2
r14i7n4:5388:5438 [0] NCCL INFO Channel 00 : 47[8a000] -> 48[1a000] [receive] via NET/IB/3
r8i3n6:76352:76387 [0] NCCL INFO Channel 00 : 24[1a000] -> 25[1c000] via P2P/IPC
r14i7n2:39448:39486 [3] NCCL INFO Channel 00 : 43[8a000] -> 44[1a000] [send] via NET/IB/2
r14i7n0:25490:25527 [3] NCCL INFO Channel 00 : 35[8a000] -> 36[1a000] [send] via NET/IB/2
r14i7n4:5391:5428 [3] NCCL INFO Channel 00 : 51[8a000] -> 52[1a000] [send] via NET/IB/2
r7i6n2:60567:60614 [3] NCCL INFO Channel 00 : 7[8a000] -> 8[1a000] [send] via NET/IB/2
r8i1n7:45558:45590 [3] NCCL INFO Channel 00 : 15[8a000] -> 16[1a000] [send] via NET/IB/2
r8i1n1:21966:21998 [3] NCCL INFO Channel 00 : 11[8a000] -> 12[1a000] [send] via NET/IB/2
r8i3n1:64581:64618 [3] NCCL INFO Channel 00 : 23[8a000] -> 24[1a000] [send] via NET/IB/2
r14i7n3:66129:66161 [3] NCCL INFO Channel 00 : 47[8a000] -> 48[1a000] [send] via NET/IB/2
r14i7n1:29728:29769 [3] NCCL INFO Channel 00 : 39[8a000] -> 40[1a000] [send] via NET/IB/2
r14i7n4:5388:5438 [0] NCCL INFO Channel 00 : 48[1a000] -> 49[1c000] via P2P/IPC
r14i7n5:42531:42567 [3] NCCL INFO Channel 00 : 55[8a000] -> 56[1a000] [send] via NET/IB/2
r8i2n1:41758:41803 [1] NCCL INFO Channel 00 : 17[1c000] -> 16[1a000] via P2P/IPC
r14i7n5:42529:42568 [1] NCCL INFO Channel 00 : 53[1c000] -> 52[1a000] via P2P/IPC
r14i7n0:25488:25537 [1] NCCL INFO Channel 00 : 33[1c000] -> 32[1a000] via P2P/IPC
r8i1n1:21964:22013 [1] NCCL INFO Channel 00 : 9[1c000] -> 8[1a000] via P2P/IPC
r14i7n7:81280:81319 [1] NCCL INFO Channel 00 : 61[1c000] -> 60[1a000] via P2P/IPC
r8i1n7:45556:45605 [1] NCCL INFO Channel 00 : 13[1c000] -> 12[1a000] via P2P/IPC
r14i7n1:29726:29770 [1] NCCL INFO Channel 00 : 37[1c000] -> 36[1a000] via P2P/IPC
r8i5n2:15799:15848 [1] NCCL INFO Channel 00 : 29[1c000] -> 28[1a000] via P2P/IPC
r7i6n2:60565:60609 [1] NCCL INFO Channel 00 : 5[1c000] -> 4[1a000] via P2P/IPC
r14i7n3:66127:66166 [1] NCCL INFO Channel 00 : 45[1c000] -> 44[1a000] via P2P/IPC
r14i7n6:27449:27483 [1] NCCL INFO Channel 00 : 57[1c000] -> 56[1a000] via P2P/IPC
r14i7n2:39446:39481 [1] NCCL INFO Channel 00 : 41[1c000] -> 40[1a000] via P2P/IPC
r8i3n1:64579:64613 [1] NCCL INFO Channel 00 : 21[1c000] -> 20[1a000] via P2P/IPC
r8i3n6:76353:76397 [1] NCCL INFO Channel 00 : 25[1c000] -> 24[1a000] via P2P/IPC
r7i4n1:77234:77296 [3] NCCL INFO Channel 00 : 3[8a000] -> 2[88000] via P2P/IPC
r8i5n2:15801:15833 [3] NCCL INFO Channel 00 : 31[8a000] -> 30[88000] via P2P/IPC
r14i7n2:39448:39486 [3] NCCL INFO Channel 00 : 43[8a000] -> 42[88000] via P2P/IPC
r8i2n1:41760:41808 [3] NCCL INFO Channel 00 : 19[8a000] -> 18[88000] via P2P/IPC
r14i7n6:27451:27498 [3] NCCL INFO Channel 00 : 59[8a000] -> 58[88000] via P2P/IPC
r14i7n4:5389:5423 [1] NCCL INFO Channel 00 : 49[1c000] -> 48[1a000] via P2P/IPC
r8i1n1:21966:21998 [3] NCCL INFO Channel 00 : 11[8a000] -> 10[88000] via P2P/IPC
r8i3n6:76355:76396 [3] NCCL INFO Channel 00 : 27[8a000] -> 26[88000] via P2P/IPC
r8i1n7:45558:45590 [3] NCCL INFO Channel 00 : 15[8a000] -> 14[88000] via P2P/IPC
r14i7n1:29728:29769 [3] NCCL INFO Channel 00 : 39[8a000] -> 38[88000] via P2P/IPC
r14i7n3:66129:66161 [3] NCCL INFO Channel 00 : 47[8a000] -> 46[88000] via P2P/IPC
r7i4n1:77234:77296 [3] NCCL INFO Channel 01 : 3[8a000] -> 2[88000] via P2P/IPC
r14i7n0:25490:25527 [3] NCCL INFO Channel 00 : 35[8a000] -> 34[88000] via P2P/IPC
r8i3n1:64581:64618 [3] NCCL INFO Channel 00 : 23[8a000] -> 22[88000] via P2P/IPC
r14i7n4:5391:5428 [3] NCCL INFO Channel 00 : 51[8a000] -> 50[88000] via P2P/IPC
r7i6n2:60567:60614 [3] NCCL INFO Channel 00 : 7[8a000] -> 6[88000] via P2P/IPC
r14i7n5:42531:42567 [3] NCCL INFO Channel 00 : 55[8a000] -> 54[88000] via P2P/IPC
r14i7n6:27450:27493 [2] NCCL INFO Channel 01 : 58[88000] -> 57[1c000] via P2P/IPC
r14i7n6:27451:27498 [3] NCCL INFO Channel 01 : 59[8a000] -> 58[88000] via P2P/IPC
r14i7n2:39448:39486 [3] NCCL INFO Channel 01 : 43[8a000] -> 42[88000] via P2P/IPC
r8i5n2:15800:15838 [2] NCCL INFO Channel 01 : 30[88000] -> 29[1c000] via P2P/IPC
r8i2n1:41760:41808 [3] NCCL INFO Channel 01 : 19[8a000] -> 18[88000] via P2P/IPC
r8i5n2:15801:15833 [3] NCCL INFO Channel 01 : 31[8a000] -> 30[88000] via P2P/IPC
r14i7n2:39447:39496 [2] NCCL INFO Channel 01 : 42[88000] -> 41[1c000] via P2P/IPC
r8i3n6:76354:76402 [2] NCCL INFO Channel 01 : 26[88000] -> 25[1c000] via P2P/IPC
r8i2n1:41759:41798 [2] NCCL INFO Channel 01 : 18[88000] -> 17[1c000] via P2P/IPC
r8i1n1:21965:22008 [2] NCCL INFO Channel 01 : 10[88000] -> 9[1c000] via P2P/IPC
r8i3n6:76355:76396 [3] NCCL INFO Channel 01 : 27[8a000] -> 26[88000] via P2P/IPC
r8i1n1:21966:21998 [3] NCCL INFO Channel 01 : 11[8a000] -> 10[88000] via P2P/IPC
r14i7n3:66128:66176 [2] NCCL INFO Channel 01 : 46[88000] -> 45[1c000] via P2P/IPC
r14i7n1:29727:29760 [2] NCCL INFO Channel 01 : 38[88000] -> 37[1c000] via P2P/IPC
r14i7n0:25489:25532 [2] NCCL INFO Channel 01 : 34[88000] -> 33[1c000] via P2P/IPC
r14i7n1:29728:29769 [3] NCCL INFO Channel 01 : 39[8a000] -> 38[88000] via P2P/IPC
r8i1n7:45557:45600 [2] NCCL INFO Channel 01 : 14[88000] -> 13[1c000] via P2P/IPC
r14i7n3:66129:66161 [3] NCCL INFO Channel 01 : 47[8a000] -> 46[88000] via P2P/IPC
r14i7n0:25490:25527 [3] NCCL INFO Channel 01 : 35[8a000] -> 34[88000] via P2P/IPC
r8i1n7:45558:45590 [3] NCCL INFO Channel 01 : 15[8a000] -> 14[88000] via P2P/IPC
r8i3n1:64580:64623 [2] NCCL INFO Channel 01 : 22[88000] -> 21[1c000] via P2P/IPC
r8i3n1:64581:64618 [3] NCCL INFO Channel 01 : 23[8a000] -> 22[88000] via P2P/IPC
r14i7n4:5390:5433 [2] NCCL INFO Channel 01 : 50[88000] -> 49[1c000] via P2P/IPC
r7i6n2:60566:60604 [2] NCCL INFO Channel 01 : 6[88000] -> 5[1c000] via P2P/IPC
r14i7n4:5391:5428 [3] NCCL INFO Channel 01 : 51[8a000] -> 50[88000] via P2P/IPC
r7i6n2:60567:60614 [3] NCCL INFO Channel 01 : 7[8a000] -> 6[88000] via P2P/IPC
r14i7n5:42531:42567 [3] NCCL INFO Channel 01 : 55[8a000] -> 54[88000] via P2P/IPC
r14i7n5:42530:42573 [2] NCCL INFO Channel 01 : 54[88000] -> 53[1c000] via P2P/IPC
r14i7n7:81279:81314 [0] NCCL INFO Channel 00 : 60[1a000] -> 56[1a000] [send] via NET/IB/3
r8i5n2:15798:15843 [0] NCCL INFO Channel 00 : 28[1a000] -> 24[1a000] [send] via NET/IB/3
r14i7n0:25487:25522 [0] NCCL INFO Channel 00 : 16[1a000] -> 32[1a000] [receive] via NET/IB/3
r14i7n3:66126:66171 [0] NCCL INFO Channel 00 : 44[1a000] -> 40[1a000] [send] via NET/IB/3
r8i1n7:45555:45595 [0] NCCL INFO Channel 00 : 12[1a000] -> 8[1a000] [send] via NET/IB/3
r7i6n2:60564:60599 [0] NCCL INFO Channel 00 : 4[1a000] -> 8[1a000] [send] via NET/IB/3
r14i7n7:81280:81319 [1] NCCL INFO Channel 01 : 61[1c000] -> 0[1a000] [send] via NET/IB/3
r14i7n1:29725:29775 [0] NCCL INFO Channel 00 : 36[1a000] -> 40[1a000] [send] via NET/IB/3
r8i3n1:64578:64628 [0] NCCL INFO Channel 00 : 20[1a000] -> 24[1a000] [send] via NET/IB/3
r8i2n1:41757:41793 [0] NCCL INFO Channel 00 : 8[1a000] -> 16[1a000] [receive] via NET/IB/3
r14i7n2:39445:39491 [0] NCCL INFO Channel 00 : 36[1a000] -> 40[1a000] [receive] via NET/IB/3
r14i7n5:42528:42578 [0] NCCL INFO Channel 00 : 52[1a000] -> 56[1a000] [send] via NET/IB/3
r14i7n4:5388:5438 [0] NCCL INFO Channel 00 : 40[1a000] -> 48[1a000] [receive] via NET/IB/3
r8i1n1:21963:22007 [0] NCCL INFO Channel 00 : 4[1a000] -> 8[1a000] [receive] via NET/IB/3
r8i3n6:76352:76387 [0] NCCL INFO Channel 00 : 20[1a000] -> 24[1a000] [receive] via NET/IB/3
r14i7n6:27448:27488 [0] NCCL INFO Channel 00 : 52[1a000] -> 56[1a000] [receive] via NET/IB/3
r8i5n2:15799:15848 [1] NCCL INFO Channel 01 : 29[1c000] -> 32[1a000] [send] via NET/IB/3
r14i7n3:66127:66166 [1] NCCL INFO Channel 01 : 45[1c000] -> 48[1a000] [send] via NET/IB/3
r14i7n0:25488:25537 [1] NCCL INFO Channel 01 : 33[1c000] -> 36[1a000] [send] via NET/IB/3
r8i5n2:15800:15838 [2] NCCL INFO Channel 01 : 30[88000] -> 26[88000] [send] via NET/IB/2
r7i6n2:60565:60609 [1] NCCL INFO Channel 01 : 5[1c000] -> 8[1a000] [send] via NET/IB/3
r14i7n4:5389:5423 [1] NCCL INFO Channel 01 : 49[1c000] -> 52[1a000] [send] via NET/IB/3
r8i1n7:45556:45605 [1] NCCL INFO Channel 01 : 13[1c000] -> 16[1a000] [send] via NET/IB/3
r14i7n2:39446:39481 [1] NCCL INFO Channel 01 : 41[1c000] -> 44[1a000] [send] via NET/IB/3
r8i2n1:41758:41803 [1] NCCL INFO Channel 01 : 17[1c000] -> 20[1a000] [send] via NET/IB/3
r14i7n6:27449:27483 [1] NCCL INFO Channel 01 : 57[1c000] -> 60[1a000] [send] via NET/IB/3
r8i3n1:64579:64613 [1] NCCL INFO Channel 01 : 21[1c000] -> 24[1a000] [send] via NET/IB/3
r8i1n1:21964:22013 [1] NCCL INFO Channel 01 : 9[1c000] -> 12[1a000] [send] via NET/IB/3
r14i7n5:42529:42568 [1] NCCL INFO Channel 01 : 53[1c000] -> 56[1a000] [send] via NET/IB/3
r14i7n2:39447:39496 [2] NCCL INFO Channel 01 : 38[88000] -> 42[88000] [receive] via NET/IB/2
r14i7n3:66128:66176 [2] NCCL INFO Channel 01 : 46[88000] -> 42[88000] [send] via NET/IB/2
r8i2n1:41759:41798 [2] NCCL INFO Channel 01 : 10[88000] -> 18[88000] [receive] via NET/IB/2
r14i7n6:27450:27493 [2] NCCL INFO Channel 01 : 54[88000] -> 58[88000] [receive] via NET/IB/2
r8i3n6:76353:76397 [1] NCCL INFO Channel 01 : 25[1c000] -> 28[1a000] [send] via NET/IB/3
r14i7n1:29726:29770 [1] NCCL INFO Channel 01 : 37[1c000] -> 40[1a000] [send] via NET/IB/3
r14i7n0:25489:25532 [2] NCCL INFO Channel 01 : 18[88000] -> 34[88000] [receive] via NET/IB/2
r8i3n6:76354:76402 [2] NCCL INFO Channel 01 : 22[88000] -> 26[88000] [receive] via NET/IB/2
r8i1n1:21965:22008 [2] NCCL INFO Channel 01 : 6[88000] -> 10[88000] [receive] via NET/IB/2
r8i1n7:45557:45600 [2] NCCL INFO Channel 01 : 14[88000] -> 10[88000] [send] via NET/IB/2
r14i7n1:29727:29760 [2] NCCL INFO Channel 01 : 38[88000] -> 42[88000] [send] via NET/IB/2
r8i3n1:64580:64623 [2] NCCL INFO Channel 01 : 22[88000] -> 26[88000] [send] via NET/IB/2
r14i7n4:5390:5433 [2] NCCL INFO Channel 01 : 42[88000] -> 50[88000] [receive] via NET/IB/2
r7i6n2:60566:60604 [2] NCCL INFO Channel 01 : 6[88000] -> 10[88000] [send] via NET/IB/2
r14i7n5:42530:42573 [2] NCCL INFO Channel 01 : 54[88000] -> 58[88000] [send] via NET/IB/2
r14i7n0:25487:25522 [0] NCCL INFO Channel 00 : 48[1a000] -> 32[1a000] [receive] via NET/IB/3
r8i2n1:41757:41793 [0] NCCL INFO Channel 00 : 24[1a000] -> 16[1a000] [receive] via NET/IB/3
r14i7n2:39445:39491 [0] NCCL INFO Channel 00 : 44[1a000] -> 40[1a000] [receive] via NET/IB/3
r8i1n1:21963:22007 [0] NCCL INFO Channel 00 : 12[1a000] -> 8[1a000] [receive] via NET/IB/3
r14i7n4:5388:5438 [0] NCCL INFO Channel 00 : 56[1a000] -> 48[1a000] [receive] via NET/IB/3
r14i7n6:27448:27488 [0] NCCL INFO Channel 00 : 60[1a000] -> 56[1a000] [receive] via NET/IB/3
r8i3n6:76352:76387 [0] NCCL INFO Channel 00 : 28[1a000] -> 24[1a000] [receive] via NET/IB/3
r7i6n2:60564:60599 [0] NCCL INFO Channel 00 : 8[1a000] -> 4[1a000] [receive] via NET/IB/3
r8i2n1:41759:41798 [2] NCCL INFO Channel 01 : 26[88000] -> 18[88000] [receive] via NET/IB/2
r14i7n6:27450:27493 [2] NCCL INFO Channel 01 : 62[88000] -> 58[88000] [receive] via NET/IB/2
r14i7n2:39447:39496 [2] NCCL INFO Channel 01 : 46[88000] -> 42[88000] [receive] via NET/IB/2
r14i7n0:25489:25532 [2] NCCL INFO Channel 01 : 50[88000] -> 34[88000] [receive] via NET/IB/2
r8i3n6:76354:76402 [2] NCCL INFO Channel 01 : 30[88000] -> 26[88000] [receive] via NET/IB/2
r14i7n1:29725:29775 [0] NCCL INFO Channel 00 : 40[1a000] -> 36[1a000] [receive] via NET/IB/3
r8i1n1:21965:22008 [2] NCCL INFO Channel 01 : 14[88000] -> 10[88000] [receive] via NET/IB/2
r14i7n5:42528:42578 [0] NCCL INFO Channel 00 : 56[1a000] -> 52[1a000] [receive] via NET/IB/3
r8i3n1:64578:64628 [0] NCCL INFO Channel 00 : 24[1a000] -> 20[1a000] [receive] via NET/IB/3
r14i7n4:5390:5433 [2] NCCL INFO Channel 01 : 58[88000] -> 50[88000] [receive] via NET/IB/2
r8i3n1:64580:64623 [2] NCCL INFO Channel 01 : 26[88000] -> 22[88000] [receive] via NET/IB/2
r14i7n1:29727:29760 [2] NCCL INFO Channel 01 : 42[88000] -> 38[88000] [receive] via NET/IB/2
r7i6n2:60566:60604 [2] NCCL INFO Channel 01 : 10[88000] -> 6[88000] [receive] via NET/IB/2
r8i3n1:64580:64623 [2] NCCL INFO Channel 01 : 22[88000] -> 23[8a000] via P2P/IPC
r14i7n1:29727:29760 [2] NCCL INFO Channel 01 : 38[88000] -> 39[8a000] via P2P/IPC
r7i6n2:60566:60604 [2] NCCL INFO Channel 01 : 6[88000] -> 7[8a000] via P2P/IPC
r14i7n5:42530:42573 [2] NCCL INFO Channel 01 : 58[88000] -> 54[88000] [receive] via NET/IB/2
r14i7n5:42530:42573 [2] NCCL INFO Channel 01 : 54[88000] -> 55[8a000] via P2P/IPC
r14i7n0:25487:25522 [0] NCCL INFO Channel 00 : 32[1a000] -> 0[1a000] [send] via NET/IB/3
r8i2n1:41757:41793 [0] NCCL INFO Channel 00 : 16[1a000] -> 32[1a000] [send] via NET/IB/3
r8i1n1:21963:22007 [0] NCCL INFO Channel 00 : 8[1a000] -> 16[1a000] [send] via NET/IB/3
r14i7n2:39445:39491 [0] NCCL INFO Channel 00 : 40[1a000] -> 48[1a000] [send] via NET/IB/3
r14i7n4:5388:5438 [0] NCCL INFO Channel 00 : 48[1a000] -> 32[1a000] [send] via NET/IB/3
r14i7n6:27448:27488 [0] NCCL INFO Channel 00 : 56[1a000] -> 48[1a000] [send] via NET/IB/3
r8i3n6:76352:76387 [0] NCCL INFO Channel 00 : 24[1a000] -> 16[1a000] [send] via NET/IB/3
r14i7n7:81279:81314 [0] NCCL INFO Channel 00 : 56[1a000] -> 60[1a000] [receive] via NET/IB/3
r8i2n1:41759:41798 [2] NCCL INFO Channel 01 : 18[88000] -> 34[88000] [send] via NET/IB/2
r14i7n0:25489:25532 [2] NCCL INFO Channel 01 : 34[88000] -> 2[88000] [send] via NET/IB/2
r14i7n6:27450:27493 [2] NCCL INFO Channel 01 : 58[88000] -> 50[88000] [send] via NET/IB/2
r14i7n2:39447:39496 [2] NCCL INFO Channel 01 : 42[88000] -> 50[88000] [send] via NET/IB/2
r8i3n6:76354:76402 [2] NCCL INFO Channel 01 : 26[88000] -> 18[88000] [send] via NET/IB/2
r8i1n1:21965:22008 [2] NCCL INFO Channel 01 : 10[88000] -> 18[88000] [send] via NET/IB/2
r14i7n4:5390:5433 [2] NCCL INFO Channel 01 : 50[88000] -> 34[88000] [send] via NET/IB/2
r7i4n1:77231:77291 [0] NCCL INFO Channel 00 : 0[1a000] -> 1[1c000] via P2P/IPC
r14i7n3:66128:66176 [2] NCCL INFO Channel 01 : 42[88000] -> 46[88000] [receive] via NET/IB/2
r8i5n2:15800:15838 [2] NCCL INFO Channel 01 : 26[88000] -> 30[88000] [receive] via NET/IB/2
r8i1n7:45557:45600 [2] NCCL INFO Channel 01 : 10[88000] -> 14[88000] [receive] via NET/IB/2
r14i7n3:66128:66176 [2] NCCL INFO Channel 01 : 46[88000] -> 47[8a000] via P2P/IPC
r8i5n2:15800:15838 [2] NCCL INFO Channel 01 : 30[88000] -> 31[8a000] via P2P/IPC
r8i1n7:45557:45600 [2] NCCL INFO Channel 01 : 14[88000] -> 15[8a000] via P2P/IPC
r7i4n1:77232:77301 [1] NCCL INFO Channel 00 : 1[1c000] -> 0[1a000] via P2P/IPC
r14i7n7:81282:81324 [3] NCCL INFO Channel 00 : 63[8a000] -> 62[88000] via P2P/IPC
r14i7n7:81281:81329 [2] NCCL INFO Channel 01 : 62[88000] -> 61[1c000] via P2P/IPC
r14i7n7:81282:81324 [3] NCCL INFO Channel 01 : 63[8a000] -> 62[88000] via P2P/IPC
r7i4n1:77233:77306 [2] NCCL INFO Channel 01 : 2[88000] -> 1[1c000] via P2P/IPC
r7i4n1:77231:77291 [0] NCCL INFO Channel 00 : 32[1a000] -> 0[1a000] [receive] via NET/IB/3
r14i7n7:81281:81329 [2] NCCL INFO Channel 01 : 62[88000] -> 58[88000] [send] via NET/IB/2
r7i4n1:77232:77301 [1] NCCL INFO Channel 01 : 1[1c000] -> 4[1a000] [send] via NET/IB/3
r7i4n1:77233:77306 [2] NCCL INFO Channel 01 : 34[88000] -> 2[88000] [receive] via NET/IB/2
r8i1n7:45555:45595 [0] NCCL INFO Channel 00 : 8[1a000] -> 12[1a000] [receive] via NET/IB/3
r14i7n7:81281:81329 [2] NCCL INFO Channel 01 : 58[88000] -> 62[88000] [receive] via NET/IB/2
r14i7n7:81281:81329 [2] NCCL INFO Channel 01 : 62[88000] -> 63[8a000] via P2P/IPC
r14i7n3:66126:66171 [0] NCCL INFO Channel 00 : 40[1a000] -> 44[1a000] [receive] via NET/IB/3
r8i5n2:15798:15843 [0] NCCL INFO Channel 00 : 24[1a000] -> 28[1a000] [receive] via NET/IB/3
r8i3n6:76352:76387 [0] NCCL INFO Channel 00 : 16[1a000] -> 24[1a000] [receive] via NET/IB/3
r7i4n1:77231:77291 [0] NCCL INFO Channel 00 : 0[1a000] -> 32[1a000] [send] via NET/IB/3
r8i3n6:76352:76387 [0] NCCL INFO Channel 00 : 24[1a000] -> 20[1a000] [send] via NET/IB/3
r8i1n1:21965:22008 [2] NCCL INFO Channel 01 : 18[88000] -> 10[88000] [receive] via NET/IB/2
r14i7n6:27450:27493 [2] NCCL INFO Channel 01 : 50[88000] -> 58[88000] [receive] via NET/IB/2
r7i4n1:77233:77306 [2] NCCL INFO Channel 01 : 2[88000] -> 3[8a000] via P2P/IPC
r14i7n0:25487:25522 [0] NCCL INFO Channel 00 : 0[1a000] -> 32[1a000] [receive] via NET/IB/3
r8i1n1:21965:22008 [2] NCCL INFO Channel 01 : 10[88000] -> 11[8a000] via P2P/IPC
r8i2n1:41757:41793 [0] NCCL INFO Channel 00 : 32[1a000] -> 16[1a000] [receive] via NET/IB/3
r14i7n6:27450:27493 [2] NCCL INFO Channel 01 : 58[88000] -> 59[8a000] via P2P/IPC
r8i1n1:21963:22007 [0] NCCL INFO Channel 00 : 16[1a000] -> 8[1a000] [receive] via NET/IB/3
r14i7n6:27448:27488 [0] NCCL INFO Channel 00 : 48[1a000] -> 56[1a000] [receive] via NET/IB/3
r14i7n4:5390:5433 [2] NCCL INFO Channel 01 : 34[88000] -> 50[88000] [receive] via NET/IB/2
r8i3n6:76354:76402 [2] NCCL INFO Channel 01 : 18[88000] -> 26[88000] [receive] via NET/IB/2
r14i7n4:5390:5433 [2] NCCL INFO Channel 01 : 50[88000] -> 51[8a000] via P2P/IPC
r8i3n6:76354:76402 [2] NCCL INFO Channel 01 : 26[88000] -> 27[8a000] via P2P/IPC
r14i7n2:39445:39491 [0] NCCL INFO Channel 00 : 48[1a000] -> 40[1a000] [receive] via NET/IB/3
r14i7n2:39447:39496 [2] NCCL INFO Channel 01 : 50[88000] -> 42[88000] [receive] via NET/IB/2
r14i7n4:5388:5438 [0] NCCL INFO Channel 00 : 32[1a000] -> 48[1a000] [receive] via NET/IB/3
r14i7n2:39447:39496 [2] NCCL INFO Channel 01 : 42[88000] -> 43[8a000] via P2P/IPC
r8i3n6:76352:76387 [0] NCCL INFO Channel 00 : 24[1a000] -> 28[1a000] [send] via NET/IB/3
r7i4n1:77233:77306 [2] NCCL INFO Channel 01 : 2[88000] -> 34[88000] [send] via NET/IB/2
r14i7n0:25487:25522 [0] NCCL INFO Channel 00 : 32[1a000] -> 16[1a000] [send] via NET/IB/3
r8i1n1:21965:22008 [2] NCCL INFO Channel 01 : 10[88000] -> 6[88000] [send] via NET/IB/2
r8i2n1:41757:41793 [0] NCCL INFO Channel 00 : 16[1a000] -> 8[1a000] [send] via NET/IB/3
r14i7n6:27450:27493 [2] NCCL INFO Channel 01 : 58[88000] -> 54[88000] [send] via NET/IB/2
r14i7n0:25489:25532 [2] NCCL INFO Channel 01 : 2[88000] -> 34[88000] [receive] via NET/IB/2
r8i1n1:21963:22007 [0] NCCL INFO Channel 00 : 8[1a000] -> 4[1a000] [send] via NET/IB/3
r14i7n6:27448:27488 [0] NCCL INFO Channel 00 : 56[1a000] -> 52[1a000] [send] via NET/IB/3
r7i4n1:77231:77291 [0] NCCL INFO Channel 01 : 61[1c000] -> 0[1a000] [receive] via NET/IB/3
r14i7n0:25489:25532 [2] NCCL INFO Channel 01 : 34[88000] -> 35[8a000] via P2P/IPC
r7i4n1:77231:77291 [0] NCCL INFO Channel 01 : 0[1a000] -> 3[8a000] via P2P/IPC
r14i7n4:5390:5433 [2] NCCL INFO Channel 01 : 50[88000] -> 42[88000] [send] via NET/IB/2
r8i3n6:76354:76402 [2] NCCL INFO Channel 01 : 26[88000] -> 22[88000] [send] via NET/IB/2
r14i7n2:39445:39491 [0] NCCL INFO Channel 00 : 40[1a000] -> 36[1a000] [send] via NET/IB/3
r14i7n4:5388:5438 [0] NCCL INFO Channel 00 : 48[1a000] -> 40[1a000] [send] via NET/IB/3
r14i7n2:39447:39496 [2] NCCL INFO Channel 01 : 42[88000] -> 38[88000] [send] via NET/IB/2
r8i2n1:41759:41798 [2] NCCL INFO Channel 01 : 34[88000] -> 18[88000] [receive] via NET/IB/2
r14i7n7:81280:81319 [1] NCCL INFO Channel 01 : 61[1c000] -> 60[1a000] via P2P/IPC
r7i4n1:77234:77296 [3] NCCL INFO Channel 01 : 3[8a000] -> 0[1a000] via P2P/IPC
r8i2n1:41759:41798 [2] NCCL INFO Channel 01 : 18[88000] -> 19[8a000] via P2P/IPC
r7i4n1:77233:77306 [2] NCCL INFO Channel 02 : 2[88000] -> 3[8a000] via P2P/IPC
r8i3n1:64578:64628 [0] NCCL INFO Channel 01 : 17[1c000] -> 20[1a000] [receive] via NET/IB/3
r14i7n0:25487:25522 [0] NCCL INFO Channel 00 : 32[1a000] -> 48[1a000] [send] via NET/IB/3
r8i3n1:64578:64628 [0] NCCL INFO Channel 01 : 20[1a000] -> 23[8a000] via P2P/IPC
r8i2n1:41757:41793 [0] NCCL INFO Channel 00 : 16[1a000] -> 24[1a000] [send] via NET/IB/3
r8i1n1:21965:22008 [2] NCCL INFO Channel 01 : 10[88000] -> 14[88000] [send] via NET/IB/2
r14i7n6:27450:27493 [2] NCCL INFO Channel 01 : 58[88000] -> 62[88000] [send] via NET/IB/2
r8i5n2:15798:15843 [0] NCCL INFO Channel 01 : 25[1c000] -> 28[1a000] [receive] via NET/IB/3
r8i1n1:21963:22007 [0] NCCL INFO Channel 00 : 8[1a000] -> 12[1a000] [send] via NET/IB/3
r8i5n2:15798:15843 [0] NCCL INFO Channel 01 : 28[1a000] -> 31[8a000] via P2P/IPC
r14i7n6:27448:27488 [0] NCCL INFO Channel 00 : 56[1a000] -> 60[1a000] [send] via NET/IB/3
r14i7n0:25489:25532 [2] NCCL INFO Channel 01 : 34[88000] -> 18[88000] [send] via NET/IB/2
r8i2n1:41758:41803 [1] NCCL INFO Channel 01 : 17[1c000] -> 16[1a000] via P2P/IPC
r8i3n1:64581:64618 [3] NCCL INFO Channel 01 : 23[8a000] -> 20[1a000] via P2P/IPC
r14i7n4:5390:5433 [2] NCCL INFO Channel 01 : 50[88000] -> 58[88000] [send] via NET/IB/2
r8i3n6:76354:76402 [2] NCCL INFO Channel 01 : 26[88000] -> 30[88000] [send] via NET/IB/2
r14i7n2:39445:39491 [0] NCCL INFO Channel 00 : 40[1a000] -> 44[1a000] [send] via NET/IB/3
r14i7n4:5388:5438 [0] NCCL INFO Channel 00 : 48[1a000] -> 56[1a000] [send] via NET/IB/3
r8i5n2:15801:15833 [3] NCCL INFO Channel 01 : 31[8a000] -> 28[1a000] via P2P/IPC
r8i3n6:76353:76397 [1] NCCL INFO Channel 01 : 25[1c000] -> 24[1a000] via P2P/IPC
r14i7n2:39447:39496 [2] NCCL INFO Channel 01 : 42[88000] -> 46[88000] [send] via NET/IB/2
r8i2n1:41759:41798 [2] NCCL INFO Channel 01 : 18[88000] -> 10[88000] [send] via NET/IB/2
r14i7n0:25489:25532 [2] NCCL INFO Channel 01 : 34[88000] -> 50[88000] [send] via NET/IB/2
r7i6n2:60564:60599 [0] NCCL INFO Channel 01 : 1[1c000] -> 4[1a000] [receive] via NET/IB/3
r14i7n5:42528:42578 [0] NCCL INFO Channel 01 : 49[1c000] -> 52[1a000] [receive] via NET/IB/3
r7i6n2:60564:60599 [0] NCCL INFO Channel 01 : 4[1a000] -> 7[8a000] via P2P/IPC
r8i3n6:76352:76387 [0] NCCL INFO Channel 01 : 21[1c000] -> 24[1a000] [receive] via NET/IB/3
r14i7n5:42528:42578 [0] NCCL INFO Channel 01 : 52[1a000] -> 55[8a000] via P2P/IPC
r8i1n7:45555:45595 [0] NCCL INFO Channel 01 : 9[1c000] -> 12[1a000] [receive] via NET/IB/3
r14i7n7:81279:81314 [0] NCCL INFO Channel 01 : 57[1c000] -> 60[1a000] [receive] via NET/IB/3
r14i7n0:25487:25522 [0] NCCL INFO Channel 01 : 29[1c000] -> 32[1a000] [receive] via NET/IB/3
r8i3n6:76352:76387 [0] NCCL INFO Channel 01 : 24[1a000] -> 27[8a000] via P2P/IPC
r14i7n7:81279:81314 [0] NCCL INFO Channel 01 : 60[1a000] -> 63[8a000] via P2P/IPC
r8i1n7:45555:45595 [0] NCCL INFO Channel 01 : 12[1a000] -> 15[8a000] via P2P/IPC
r14i7n1:29725:29775 [0] NCCL INFO Channel 01 : 33[1c000] -> 36[1a000] [receive] via NET/IB/3
r14i7n0:25487:25522 [0] NCCL INFO Channel 01 : 32[1a000] -> 35[8a000] via P2P/IPC
r8i1n1:21963:22007 [0] NCCL INFO Channel 01 : 5[1c000] -> 8[1a000] [receive] via NET/IB/3
r8i2n1:41759:41798 [2] NCCL INFO Channel 01 : 18[88000] -> 26[88000] [send] via NET/IB/2
r8i2n1:41757:41793 [0] NCCL INFO Channel 01 : 13[1c000] -> 16[1a000] [receive] via NET/IB/3
r14i7n1:29725:29775 [0] NCCL INFO Channel 01 : 36[1a000] -> 39[8a000] via P2P/IPC
r7i4n1:77232:77301 [1] NCCL INFO Channel 01 : 1[1c000] -> 0[1a000] via P2P/IPC
r8i1n1:21963:22007 [0] NCCL INFO Channel 01 : 8[1a000] -> 11[8a000] via P2P/IPC
r8i2n1:41757:41793 [0] NCCL INFO Channel 01 : 16[1a000] -> 19[8a000] via P2P/IPC
r14i7n3:66126:66171 [0] NCCL INFO Channel 01 : 41[1c000] -> 44[1a000] [receive] via NET/IB/3
r14i7n5:42531:42567 [3] NCCL INFO Channel 01 : 55[8a000] -> 52[1a000] via P2P/IPC
r7i6n2:60567:60614 [3] NCCL INFO Channel 01 : 7[8a000] -> 4[1a000] via P2P/IPC
r14i7n4:5389:5423 [1] NCCL INFO Channel 01 : 49[1c000] -> 48[1a000] via P2P/IPC
r8i3n1:64579:64613 [1] NCCL INFO Channel 01 : 21[1c000] -> 20[1a000] via P2P/IPC
r14i7n6:27448:27488 [0] NCCL INFO Channel 01 : 53[1c000] -> 56[1a000] [receive] via NET/IB/3
r14i7n3:66126:66171 [0] NCCL INFO Channel 01 : 44[1a000] -> 47[8a000] via P2P/IPC
r14i7n2:39445:39491 [0] NCCL INFO Channel 01 : 37[1c000] -> 40[1a000] [receive] via NET/IB/3
r8i5n2:15799:15848 [1] NCCL INFO Channel 01 : 29[1c000] -> 28[1a000] via P2P/IPC
r14i7n7:81282:81324 [3] NCCL INFO Channel 01 : 63[8a000] -> 60[1a000] via P2P/IPC
r8i3n6:76355:76396 [3] NCCL INFO Channel 01 : 27[8a000] -> 24[1a000] via P2P/IPC
r14i7n6:27448:27488 [0] NCCL INFO Channel 01 : 56[1a000] -> 59[8a000] via P2P/IPC
r14i7n6:27449:27483 [1] NCCL INFO Channel 01 : 57[1c000] -> 56[1a000] via P2P/IPC
r14i7n2:39445:39491 [0] NCCL INFO Channel 01 : 40[1a000] -> 43[8a000] via P2P/IPC
r8i1n7:45558:45590 [3] NCCL INFO Channel 01 : 15[8a000] -> 12[1a000] via P2P/IPC
r14i7n4:5388:5438 [0] NCCL INFO Channel 01 : 45[1c000] -> 48[1a000] [receive] via NET/IB/3
r14i7n1:29728:29769 [3] NCCL INFO Channel 01 : 39[8a000] -> 36[1a000] via P2P/IPC
r7i6n2:60565:60609 [1] NCCL INFO Channel 01 : 5[1c000] -> 4[1a000] via P2P/IPC
r7i4n1:77231:77291 [0] NCCL INFO Channel 01 : 0[1a000] -> 1[1c000] via P2P/IPC
r8i1n1:21964:22013 [1] NCCL INFO Channel 01 : 9[1c000] -> 8[1a000] via P2P/IPC
r14i7n0:25490:25527 [3] NCCL INFO Channel 01 : 35[8a000] -> 32[1a000] via P2P/IPC
r8i2n1:41760:41808 [3] NCCL INFO Channel 01 : 19[8a000] -> 16[1a000] via P2P/IPC
r8i1n7:45556:45605 [1] NCCL INFO Channel 01 : 13[1c000] -> 12[1a000] via P2P/IPC
r14i7n4:5388:5438 [0] NCCL INFO Channel 01 : 48[1a000] -> 51[8a000] via P2P/IPC
r14i7n0:25488:25537 [1] NCCL INFO Channel 01 : 33[1c000] -> 32[1a000] via P2P/IPC
r8i3n1:64578:64628 [0] NCCL INFO Channel 01 : 20[1a000] -> 21[1c000] via P2P/IPC
r14i7n5:42529:42568 [1] NCCL INFO Channel 01 : 53[1c000] -> 52[1a000] via P2P/IPC
r8i5n2:15798:15843 [0] NCCL INFO Channel 01 : 28[1a000] -> 29[1c000] via P2P/IPC
r14i7n3:66129:66161 [3] NCCL INFO Channel 01 : 47[8a000] -> 44[1a000] via P2P/IPC
r8i1n1:21966:21998 [3] NCCL INFO Channel 01 : 11[8a000] -> 8[1a000] via P2P/IPC
r14i7n1:29726:29770 [1] NCCL INFO Channel 01 : 37[1c000] -> 36[1a000] via P2P/IPC
r14i7n2:39446:39481 [1] NCCL INFO Channel 01 : 41[1c000] -> 40[1a000] via P2P/IPC
r14i7n6:27451:27498 [3] NCCL INFO Channel 01 : 59[8a000] -> 56[1a000] via P2P/IPC
r8i3n6:76352:76387 [0] NCCL INFO Channel 01 : 24[1a000] -> 25[1c000] via P2P/IPC
r14i7n7:81279:81314 [0] NCCL INFO Channel 01 : 60[1a000] -> 61[1c000] via P2P/IPC
r7i6n2:60564:60599 [0] NCCL INFO Channel 01 : 4[1a000] -> 5[1c000] via P2P/IPC
r14i7n3:66127:66166 [1] NCCL INFO Channel 01 : 45[1c000] -> 44[1a000] via P2P/IPC
r8i1n7:45555:45595 [0] NCCL INFO Channel 01 : 12[1a000] -> 13[1c000] via P2P/IPC
r7i4n1:77232:77301 [1] NCCL INFO Channel 02 : 1[1c000] -> 2[88000] via P2P/IPC
r14i7n0:25487:25522 [0] NCCL INFO Channel 01 : 32[1a000] -> 33[1c000] via P2P/IPC
r14i7n2:39448:39486 [3] NCCL INFO Channel 01 : 43[8a000] -> 40[1a000] via P2P/IPC
r14i7n5:42528:42578 [0] NCCL INFO Channel 01 : 52[1a000] -> 53[1c000] via P2P/IPC
r8i2n1:41757:41793 [0] NCCL INFO Channel 01 : 16[1a000] -> 17[1c000] via P2P/IPC
r14i7n4:5391:5428 [3] NCCL INFO Channel 01 : 51[8a000] -> 48[1a000] via P2P/IPC
r8i1n1:21963:22007 [0] NCCL INFO Channel 01 : 8[1a000] -> 9[1c000] via P2P/IPC
r8i3n1:64580:64623 [2] NCCL INFO Channel 02 : 22[88000] -> 23[8a000] via P2P/IPC
r14i7n1:29725:29775 [0] NCCL INFO Channel 01 : 36[1a000] -> 37[1c000] via P2P/IPC
r8i5n2:15799:15848 [1] NCCL INFO Channel 02 : 29[1c000] -> 30[88000] via P2P/IPC
r8i3n1:64579:64613 [1] NCCL INFO Channel 02 : 21[1c000] -> 22[88000] via P2P/IPC
r8i5n2:15800:15838 [2] NCCL INFO Channel 02 : 30[88000] -> 31[8a000] via P2P/IPC
r14i7n6:27448:27488 [0] NCCL INFO Channel 01 : 56[1a000] -> 57[1c000] via P2P/IPC
r7i4n1:77233:77306 [2] NCCL INFO Channel 02 : 2[88000] -> 1[1c000] via P2P/IPC
r14i7n7:81280:81319 [1] NCCL INFO Channel 02 : 61[1c000] -> 62[88000] via P2P/IPC
r14i7n3:66126:66171 [0] NCCL INFO Channel 01 : 44[1a000] -> 45[1c000] via P2P/IPC
r8i3n6:76353:76397 [1] NCCL INFO Channel 02 : 25[1c000] -> 26[88000] via P2P/IPC
r8i3n6:76354:76402 [2] NCCL INFO Channel 02 : 26[88000] -> 27[8a000] via P2P/IPC
r14i7n2:39445:39491 [0] NCCL INFO Channel 01 : 40[1a000] -> 41[1c000] via P2P/IPC
r8i1n7:45556:45605 [1] NCCL INFO Channel 02 : 13[1c000] -> 14[88000] via P2P/IPC
r7i6n2:60566:60604 [2] NCCL INFO Channel 02 : 6[88000] -> 7[8a000] via P2P/IPC
r14i7n0:25488:25537 [1] NCCL INFO Channel 02 : 33[1c000] -> 34[88000] via P2P/IPC
r14i7n4:5388:5438 [0] NCCL INFO Channel 01 : 48[1a000] -> 49[1c000] via P2P/IPC
r8i3n1:64580:64623 [2] NCCL INFO Channel 02 : 22[88000] -> 21[1c000] via P2P/IPC
r7i6n2:60565:60609 [1] NCCL INFO Channel 02 : 5[1c000] -> 6[88000] via P2P/IPC
r8i5n2:15800:15838 [2] NCCL INFO Channel 02 : 30[88000] -> 29[1c000] via P2P/IPC
r8i1n7:45557:45600 [2] NCCL INFO Channel 02 : 14[88000] -> 15[8a000] via P2P/IPC
r14i7n0:25489:25532 [2] NCCL INFO Channel 02 : 34[88000] -> 35[8a000] via P2P/IPC
r8i2n1:41758:41803 [1] NCCL INFO Channel 02 : 17[1c000] -> 18[88000] via P2P/IPC
r14i7n5:42530:42573 [2] NCCL INFO Channel 02 : 54[88000] -> 55[8a000] via P2P/IPC
r14i7n5:42529:42568 [1] NCCL INFO Channel 02 : 53[1c000] -> 54[88000] via P2P/IPC
r14i7n7:81281:81329 [2] NCCL INFO Channel 02 : 62[88000] -> 63[8a000] via P2P/IPC
r8i2n1:41759:41798 [2] NCCL INFO Channel 02 : 18[88000] -> 19[8a000] via P2P/IPC
r8i1n1:21964:22013 [1] NCCL INFO Channel 02 : 9[1c000] -> 10[88000] via P2P/IPC
r14i7n1:29726:29770 [1] NCCL INFO Channel 02 : 37[1c000] -> 38[88000] via P2P/IPC
r8i3n6:76354:76402 [2] NCCL INFO Channel 02 : 26[88000] -> 25[1c000] via P2P/IPC
r14i7n6:27449:27483 [1] NCCL INFO Channel 02 : 57[1c000] -> 58[88000] via P2P/IPC
r14i7n1:29727:29760 [2] NCCL INFO Channel 02 : 38[88000] -> 39[8a000] via P2P/IPC
r8i1n1:21965:22008 [2] NCCL INFO Channel 02 : 10[88000] -> 11[8a000] via P2P/IPC
r14i7n6:27450:27493 [2] NCCL INFO Channel 02 : 58[88000] -> 59[8a000] via P2P/IPC
r7i6n2:60566:60604 [2] NCCL INFO Channel 02 : 6[88000] -> 5[1c000] via P2P/IPC
r8i1n7:45557:45600 [2] NCCL INFO Channel 02 : 14[88000] -> 13[1c000] via P2P/IPC
r14i7n7:81281:81329 [2] NCCL INFO Channel 02 : 62[88000] -> 61[1c000] via P2P/IPC
r14i7n0:25489:25532 [2] NCCL INFO Channel 02 : 34[88000] -> 33[1c000] via P2P/IPC
r14i7n3:66127:66166 [1] NCCL INFO Channel 02 : 45[1c000] -> 46[88000] via P2P/IPC
r8i2n1:41759:41798 [2] NCCL INFO Channel 02 : 18[88000] -> 17[1c000] via P2P/IPC
r14i7n5:42530:42573 [2] NCCL INFO Channel 02 : 54[88000] -> 53[1c000] via P2P/IPC
r14i7n3:66128:66176 [2] NCCL INFO Channel 02 : 46[88000] -> 47[8a000] via P2P/IPC
r14i7n4:5389:5423 [1] NCCL INFO Channel 02 : 49[1c000] -> 50[88000] via P2P/IPC
r14i7n2:39446:39481 [1] NCCL INFO Channel 02 : 41[1c000] -> 42[88000] via P2P/IPC
r14i7n1:29727:29760 [2] NCCL INFO Channel 02 : 38[88000] -> 37[1c000] via P2P/IPC
r14i7n2:39447:39496 [2] NCCL INFO Channel 02 : 42[88000] -> 43[8a000] via P2P/IPC
r8i1n1:21965:22008 [2] NCCL INFO Channel 02 : 10[88000] -> 9[1c000] via P2P/IPC
r14i7n4:5390:5433 [2] NCCL INFO Channel 02 : 50[88000] -> 51[8a000] via P2P/IPC
r14i7n6:27450:27493 [2] NCCL INFO Channel 02 : 58[88000] -> 57[1c000] via P2P/IPC
r14i7n3:66128:66176 [2] NCCL INFO Channel 02 : 46[88000] -> 45[1c000] via P2P/IPC
r14i7n4:5390:5433 [2] NCCL INFO Channel 02 : 50[88000] -> 49[1c000] via P2P/IPC
r14i7n2:39447:39496 [2] NCCL INFO Channel 02 : 42[88000] -> 41[1c000] via P2P/IPC
r7i4n1:77231:77291 [0] NCCL INFO Channel 02 : 63[8a000] -> 0[1a000] [receive] via NET/IB/3
r7i4n1:77234:77296 [3] NCCL INFO Channel 02 : 3[8a000] -> 4[1a000] [send] via NET/IB/2
r7i4n1:77231:77291 [0] NCCL INFO Channel 02 : 0[1a000] -> 1[1c000] via P2P/IPC
r8i3n1:64581:64618 [3] NCCL INFO Channel 02 : 23[8a000] -> 24[1a000] [send] via NET/IB/2
r8i3n1:64578:64628 [0] NCCL INFO Channel 02 : 19[8a000] -> 20[1a000] [receive] via NET/IB/3
r8i5n2:15801:15833 [3] NCCL INFO Channel 02 : 31[8a000] -> 32[1a000] [send] via NET/IB/2
r8i5n2:15798:15843 [0] NCCL INFO Channel 02 : 27[8a000] -> 28[1a000] [receive] via NET/IB/3
r8i3n1:64578:64628 [0] NCCL INFO Channel 02 : 20[1a000] -> 21[1c000] via P2P/IPC
r8i5n2:15798:15843 [0] NCCL INFO Channel 02 : 28[1a000] -> 29[1c000] via P2P/IPC
r14i7n7:81279:81314 [0] NCCL INFO Channel 02 : 59[8a000] -> 60[1a000] [receive] via NET/IB/3
r14i7n7:81282:81324 [3] NCCL INFO Channel 02 : 63[8a000] -> 0[1a000] [send] via NET/IB/2
r8i3n6:76352:76387 [0] NCCL INFO Channel 02 : 23[8a000] -> 24[1a000] [receive] via NET/IB/3
r7i6n2:60564:60599 [0] NCCL INFO Channel 02 : 3[8a000] -> 4[1a000] [receive] via NET/IB/3
r8i3n6:76355:76396 [3] NCCL INFO Channel 02 : 27[8a000] -> 28[1a000] [send] via NET/IB/2
r14i7n7:81279:81314 [0] NCCL INFO Channel 02 : 60[1a000] -> 61[1c000] via P2P/IPC
r7i4n1:77232:77301 [1] NCCL INFO Channel 02 : 1[1c000] -> 0[1a000] via P2P/IPC
r7i6n2:60567:60614 [3] NCCL INFO Channel 02 : 7[8a000] -> 8[1a000] [send] via NET/IB/2
r8i1n7:45555:45595 [0] NCCL INFO Channel 02 : 11[8a000] -> 12[1a000] [receive] via NET/IB/3
r8i1n7:45558:45590 [3] NCCL INFO Channel 02 : 15[8a000] -> 16[1a000] [send] via NET/IB/2
r8i3n6:76352:76387 [0] NCCL INFO Channel 02 : 24[1a000] -> 25[1c000] via P2P/IPC
r14i7n0:25490:25527 [3] NCCL INFO Channel 02 : 35[8a000] -> 36[1a000] [send] via NET/IB/2
r7i6n2:60564:60599 [0] NCCL INFO Channel 02 : 4[1a000] -> 5[1c000] via P2P/IPC
r14i7n0:25487:25522 [0] NCCL INFO Channel 02 : 31[8a000] -> 32[1a000] [receive] via NET/IB/3
r14i7n5:42528:42578 [0] NCCL INFO Channel 02 : 51[8a000] -> 52[1a000] [receive] via NET/IB/3
r8i2n1:41760:41808 [3] NCCL INFO Channel 02 : 19[8a000] -> 20[1a000] [send] via NET/IB/2
r8i1n7:45555:45595 [0] NCCL INFO Channel 02 : 12[1a000] -> 13[1c000] via P2P/IPC
r8i2n1:41757:41793 [0] NCCL INFO Channel 02 : 15[8a000] -> 16[1a000] [receive] via NET/IB/3
r14i7n5:42531:42567 [3] NCCL INFO Channel 02 : 55[8a000] -> 56[1a000] [send] via NET/IB/2
r8i1n1:21966:21998 [3] NCCL INFO Channel 02 : 11[8a000] -> 12[1a000] [send] via NET/IB/2
r14i7n0:25487:25522 [0] NCCL INFO Channel 02 : 32[1a000] -> 33[1c000] via P2P/IPC
r14i7n5:42528:42578 [0] NCCL INFO Channel 02 : 52[1a000] -> 53[1c000] via P2P/IPC
r8i1n1:21963:22007 [0] NCCL INFO Channel 02 : 7[8a000] -> 8[1a000] [receive] via NET/IB/3
r8i3n1:64579:64613 [1] NCCL INFO Channel 02 : 21[1c000] -> 20[1a000] via P2P/IPC
r8i5n2:15799:15848 [1] NCCL INFO Channel 02 : 29[1c000] -> 28[1a000] via P2P/IPC
r8i2n1:41757:41793 [0] NCCL INFO Channel 02 : 16[1a000] -> 17[1c000] via P2P/IPC
r14i7n1:29725:29775 [0] NCCL INFO Channel 02 : 35[8a000] -> 36[1a000] [receive] via NET/IB/3
r14i7n1:29728:29769 [3] NCCL INFO Channel 02 : 39[8a000] -> 40[1a000] [send] via NET/IB/2
r14i7n6:27448:27488 [0] NCCL INFO Channel 02 : 55[8a000] -> 56[1a000] [receive] via NET/IB/3
r8i1n1:21963:22007 [0] NCCL INFO Channel 02 : 8[1a000] -> 9[1c000] via P2P/IPC
r14i7n6:27451:27498 [3] NCCL INFO Channel 02 : 59[8a000] -> 60[1a000] [send] via NET/IB/2
r14i7n1:29725:29775 [0] NCCL INFO Channel 02 : 36[1a000] -> 37[1c000] via P2P/IPC
r8i3n1:64581:64618 [3] NCCL INFO Channel 02 : 23[8a000] -> 22[88000] via P2P/IPC
r14i7n6:27448:27488 [0] NCCL INFO Channel 02 : 56[1a000] -> 57[1c000] via P2P/IPC
r14i7n7:81280:81319 [1] NCCL INFO Channel 02 : 61[1c000] -> 60[1a000] via P2P/IPC
r7i6n2:60565:60609 [1] NCCL INFO Channel 02 : 5[1c000] -> 4[1a000] via P2P/IPC
r14i7n2:39445:39491 [0] NCCL INFO Channel 02 : 39[8a000] -> 40[1a000] [receive] via NET/IB/3
r14i7n7:81282:81324 [3] NCCL INFO Channel 02 : 63[8a000] -> 62[88000] via P2P/IPC
r14i7n3:66129:66161 [3] NCCL INFO Channel 02 : 47[8a000] -> 48[1a000] [send] via NET/IB/2
r8i1n7:45556:45605 [1] NCCL INFO Channel 02 : 13[1c000] -> 12[1a000] via P2P/IPC
r14i7n3:66126:66171 [0] NCCL INFO Channel 02 : 43[8a000] -> 44[1a000] [receive] via NET/IB/3
r14i7n2:39448:39486 [3] NCCL INFO Channel 02 : 43[8a000] -> 44[1a000] [send] via NET/IB/2
r7i4n1:77234:77296 [3] NCCL INFO Channel 02 : 3[8a000] -> 2[88000] via P2P/IPC
r8i3n6:76353:76397 [1] NCCL INFO Channel 02 : 25[1c000] -> 24[1a000] via P2P/IPC
r14i7n5:42529:42568 [1] NCCL INFO Channel 02 : 53[1c000] -> 52[1a000] via P2P/IPC
r14i7n2:39445:39491 [0] NCCL INFO Channel 02 : 40[1a000] -> 41[1c000] via P2P/IPC
r14i7n3:66126:66171 [0] NCCL INFO Channel 02 : 44[1a000] -> 45[1c000] via P2P/IPC
r14i7n0:25488:25537 [1] NCCL INFO Channel 02 : 33[1c000] -> 32[1a000] via P2P/IPC
r14i7n4:5388:5438 [0] NCCL INFO Channel 02 : 47[8a000] -> 48[1a000] [receive] via NET/IB/3
r8i5n2:15801:15833 [3] NCCL INFO Channel 02 : 31[8a000] -> 30[88000] via P2P/IPC
r8i3n6:76355:76396 [3] NCCL INFO Channel 02 : 27[8a000] -> 26[88000] via P2P/IPC
r14i7n4:5391:5428 [3] NCCL INFO Channel 02 : 51[8a000] -> 52[1a000] [send] via NET/IB/2
r14i7n1:29726:29770 [1] NCCL INFO Channel 02 : 37[1c000] -> 36[1a000] via P2P/IPC
r8i1n7:45558:45590 [3] NCCL INFO Channel 02 : 15[8a000] -> 14[88000] via P2P/IPC
r14i7n5:42531:42567 [3] NCCL INFO Channel 02 : 55[8a000] -> 54[88000] via P2P/IPC
r14i7n4:5388:5438 [0] NCCL INFO Channel 02 : 48[1a000] -> 49[1c000] via P2P/IPC
r8i2n1:41760:41808 [3] NCCL INFO Channel 02 : 19[8a000] -> 18[88000] via P2P/IPC
r7i6n2:60567:60614 [3] NCCL INFO Channel 02 : 7[8a000] -> 6[88000] via P2P/IPC
r8i2n1:41758:41803 [1] NCCL INFO Channel 02 : 17[1c000] -> 16[1a000] via P2P/IPC
r8i1n1:21966:21998 [3] NCCL INFO Channel 02 : 11[8a000] -> 10[88000] via P2P/IPC
r14i7n0:25490:25527 [3] NCCL INFO Channel 02 : 35[8a000] -> 34[88000] via P2P/IPC
r14i7n6:27449:27483 [1] NCCL INFO Channel 02 : 57[1c000] -> 56[1a000] via P2P/IPC
r14i7n7:81281:81329 [2] NCCL INFO Channel 03 : 62[88000] -> 61[1c000] via P2P/IPC
r8i1n1:21964:22013 [1] NCCL INFO Channel 02 : 9[1c000] -> 8[1a000] via P2P/IPC
r14i7n7:81282:81324 [3] NCCL INFO Channel 03 : 63[8a000] -> 62[88000] via P2P/IPC
r14i7n6:27451:27498 [3] NCCL INFO Channel 02 : 59[8a000] -> 58[88000] via P2P/IPC
r8i3n1:64580:64623 [2] NCCL INFO Channel 03 : 22[88000] -> 21[1c000] via P2P/IPC
r8i3n1:64581:64618 [3] NCCL INFO Channel 03 : 23[8a000] -> 22[88000] via P2P/IPC
r14i7n1:29728:29769 [3] NCCL INFO Channel 02 : 39[8a000] -> 38[88000] via P2P/IPC
r7i4n1:77233:77306 [2] NCCL INFO Channel 03 : 2[88000] -> 1[1c000] via P2P/IPC
r7i4n1:77234:77296 [3] NCCL INFO Channel 03 : 3[8a000] -> 2[88000] via P2P/IPC
r14i7n3:66127:66166 [1] NCCL INFO Channel 02 : 45[1c000] -> 44[1a000] via P2P/IPC
r14i7n2:39446:39481 [1] NCCL INFO Channel 02 : 41[1c000] -> 40[1a000] via P2P/IPC
r14i7n5:42530:42573 [2] NCCL INFO Channel 03 : 54[88000] -> 53[1c000] via P2P/IPC
r14i7n2:39448:39486 [3] NCCL INFO Channel 02 : 43[8a000] -> 42[88000] via P2P/IPC
r8i5n2:15800:15838 [2] NCCL INFO Channel 03 : 30[88000] -> 29[1c000] via P2P/IPC
r8i5n2:15801:15833 [3] NCCL INFO Channel 03 : 31[8a000] -> 30[88000] via P2P/IPC
r14i7n5:42531:42567 [3] NCCL INFO Channel 03 : 55[8a000] -> 54[88000] via P2P/IPC
r14i7n3:66129:66161 [3] NCCL INFO Channel 02 : 47[8a000] -> 46[88000] via P2P/IPC
r8i3n6:76354:76402 [2] NCCL INFO Channel 03 : 26[88000] -> 25[1c000] via P2P/IPC
r8i3n6:76355:76396 [3] NCCL INFO Channel 03 : 27[8a000] -> 26[88000] via P2P/IPC
r14i7n4:5389:5423 [1] NCCL INFO Channel 02 : 49[1c000] -> 48[1a000] via P2P/IPC
r8i1n7:45557:45600 [2] NCCL INFO Channel 03 : 14[88000] -> 13[1c000] via P2P/IPC
r8i2n1:41759:41798 [2] NCCL INFO Channel 03 : 18[88000] -> 17[1c000] via P2P/IPC
r8i1n7:45558:45590 [3] NCCL INFO Channel 03 : 15[8a000] -> 14[88000] via P2P/IPC
r7i6n2:60566:60604 [2] NCCL INFO Channel 03 : 6[88000] -> 5[1c000] via P2P/IPC
r14i7n4:5391:5428 [3] NCCL INFO Channel 02 : 51[8a000] -> 50[88000] via P2P/IPC
